2025-05-03 09:37:16,919 - INFO - เริ่มต้นระบบสำเร็จ
2025-05-03 09:37:17,373 - WARNING - ข้อมูลแท่งเทียน SXTUSDT ไม่เพียงพอ: 19 แท่ง
2025-05-03 09:37:33,872 - ERROR - เกิดข้อผิดพลาดในการบันทึกผลการสแกน: Object of type bool is not JSON serializable
2025-05-03 09:38:31,175 - INFO - เริ่มต้นระบบสำเร็จ
2025-05-03 09:38:31,621 - WARNING - ข้อมูลแท่งเทียน SXTUSDT ไม่เพียงพอ: 19 แท่ง
2025-05-03 09:38:54,250 - ERROR - เกิดข้อผิดพลาดในการบันทึกผลการสแกน: Object of type bool is not JSON serializable
2025-05-03 09:39:36,483 - INFO - เริ่มต้นระบบสำเร็จ
2025-05-03 09:39:36,954 - WARNING - ข้อมูลแท่งเทียน SXTUSDT ไม่เพียงพอ: 19 แท่ง
2025-05-03 09:39:58,769 - ERROR - เกิดข้อผิดพลาดในการบันทึกผลการสแกน: Object of type bool is not JSON serializable
2025-05-03 09:39:59,137 - WARNING - ข้อมูลแท่งเทียน SXTUSDT ไม่เพียงพอ: 19 แท่ง
2025-05-03 09:39:59,149 - ERROR - เกิดข้อผิดพลาดในการบันทึกผลการสแกน: Object of type bool is not JSON serializable
2025-05-03 09:40:00,626 - WARNING - ข้อมูลแท่งเทียน SXTUSDT ไม่เพียงพอ: 19 แท่ง
2025-05-03 09:40:00,633 - ERROR - เกิดข้อผิดพลาดในการบันทึกผลการสแกน: Object of type bool is not JSON serializable
2025-05-03 09:41:57,460 - WARNING - ข้อมูลแท่งเทียน AIOTUSDT ไม่เพียงพอ: 16 แท่ง
2025-05-03 09:41:57,460 - WARNING - ข้อมูลแท่งเทียน SXTUSDT ไม่เพียงพอ: 5 แท่ง
2025-05-03 09:41:57,464 - WARNING - ข้อมูลแท่งเทียน PUNDIXUSDT ไม่เพียงพอ: 17 แท่ง
2025-05-03 09:41:57,494 - WARNING - ข้อมูลแท่งเทียน HAEDALUSDT ไม่เพียงพอ: 13 แท่ง
2025-05-03 09:41:57,756 - WARNING - ข้อมูลแท่งเทียน DOLOUSDT ไม่เพียงพอ: 13 แท่ง
2025-05-03 09:42:01,754 - WARNING - ข้อมูลแท่งเทียน CTKUSDT ไม่เพียงพอ: 17 แท่ง
2025-05-03 09:42:04,329 - WARNING - ข้อมูลแท่งเทียน SIGNUSDT ไม่เพียงพอ: 29 แท่ง
2025-05-03 09:42:14,937 - WARNING - ข้อมูลแท่งเทียน JSTUSDT ไม่เพียงพอ: 29 แท่ง
2025-05-03 09:42:20,690 - ERROR - เกิดข้อผิดพลาดในการบันทึกผลการสแกน: Object of type bool is not JSON serializable
2025-05-03 09:43:36,881 - WARNING - ข้อมูลแท่งเทียน AERGOUSDT ไม่เพียงพอ: 18 แท่ง
2025-05-03 09:43:36,882 - WARNING - ข้อมูลแท่งเทียน PUNDIXUSDT ไม่เพียงพอ: 4 แท่ง
2025-05-03 09:43:36,882 - WARNING - ข้อมูลแท่งเทียน HAEDALUSDT ไม่เพียงพอ: 3 แท่ง
2025-05-03 09:43:36,884 - WARNING - ข้อมูลแท่งเทียน SXTUSDT ไม่เพียงพอ: 2 แท่ง
2025-05-03 09:43:36,885 - WARNING - ข้อมูลแท่งเทียน FHEUSDT ไม่เพียงพอ: 22 แท่ง
2025-05-03 09:43:36,885 - WARNING - ข้อมูลแท่งเทียน AIOTUSDT ไม่เพียงพอ: 4 แท่ง
2025-05-03 09:43:36,886 - WARNING - ข้อมูลแท่งเทียน STOUSDT ไม่เพียงพอ: 22 แท่ง
2025-05-03 09:43:37,048 - WARNING - ข้อมูลแท่งเทียน DOLOUSDT ไม่เพียงพอ: 3 แท่ง
2025-05-03 09:43:38,423 - WARNING - ข้อมูลแท่งเทียน FISUSDT ไม่เพียงพอ: 9 แท่ง
2025-05-03 09:43:38,551 - WARNING - ข้อมูลแท่งเทียน PROMPTUSDT ไม่เพียงพอ: 23 แท่ง
2025-05-03 09:43:38,611 - WARNING - ข้อมูลแท่งเทียน BANKUSDT ไม่เพียงพอ: 16 แท่ง
2025-05-03 09:43:38,875 - WARNING - ข้อมูลแท่งเทียน MEMEFIUSDT ไม่เพียงพอ: 9 แท่ง
2025-05-03 09:43:39,142 - WARNING - ข้อมูลแท่งเทียน DEEPUSDT ไม่เพียงพอ: 12 แท่ง
2025-05-03 09:43:39,957 - WARNING - ข้อมูลแท่งเทียน CTKUSDT ไม่เพียงพอ: 4 แท่ง
2025-05-03 09:43:42,300 - WARNING - ข้อมูลแท่งเทียน SIGNUSDT ไม่เพียงพอ: 6 แท่ง
2025-05-03 09:43:42,446 - WARNING - ข้อมูลแท่งเทียน BABYUSDT ไม่เพียงพอ: 29 แท่ง
2025-05-03 09:43:43,207 - WARNING - ข้อมูลแท่งเทียน INITUSDT ไม่เพียงพอ: 18 แท่ง
2025-05-03 09:43:45,258 - WARNING - ข้อมูลแท่งเทียน WCTUSDT ไม่เพียงพอ: 19 แท่ง
2025-05-03 09:43:45,831 - WARNING - ข้อมูลแท่งเทียน XCNUSDT ไม่เพียงพอ: 23 แท่ง
2025-05-03 09:43:47,161 - WARNING - ข้อมูลแท่งเทียน KERNELUSDT ไม่เพียงพอ: 20 แท่ง
2025-05-03 09:43:48,654 - WARNING - ข้อมูลแท่งเทียน EPTUSDT ไม่เพียงพอ: 13 แท่ง
2025-05-03 09:43:49,212 - WARNING - ข้อมูลแท่งเทียน HYPERUSDT ไม่เพียงพอ: 12 แท่ง
2025-05-03 09:43:50,348 - WARNING - ข้อมูลแท่งเทียน FORTHUSDT ไม่เพียงพอ: 26 แท่ง
2025-05-03 09:43:50,588 - WARNING - ข้อมูลแท่งเทียน PUMPUSDT ไม่เพียงพอ: 22 แท่ง
2025-05-03 09:43:52,421 - WARNING - ข้อมูลแท่งเทียน JSTUSDT ไม่เพียงพอ: 6 แท่ง
2025-05-03 09:43:57,649 - ERROR - เกิดข้อผิดพลาดในการบันทึกผลการสแกน: Object of type bool is not JSON serializable
2025-05-03 09:44:07,257 - WARNING - ข้อมูลแท่งเทียน PUNDIXUSDT ไม่เพียงพอ: 17 แท่ง
2025-05-03 09:44:07,259 - WARNING - ข้อมูลแท่งเทียน AIOTUSDT ไม่เพียงพอ: 16 แท่ง
2025-05-03 09:44:07,260 - WARNING - ข้อมูลแท่งเทียน HAEDALUSDT ไม่เพียงพอ: 13 แท่ง
2025-05-03 09:44:07,263 - WARNING - ข้อมูลแท่งเทียน SXTUSDT ไม่เพียงพอ: 5 แท่ง
2025-05-03 09:44:07,292 - WARNING - ข้อมูลแท่งเทียน DOLOUSDT ไม่เพียงพอ: 13 แท่ง
2025-05-03 09:44:07,326 - WARNING - ข้อมูลแท่งเทียน CTKUSDT ไม่เพียงพอ: 17 แท่ง
2025-05-03 09:44:07,328 - WARNING - ข้อมูลแท่งเทียน SIGNUSDT ไม่เพียงพอ: 29 แท่ง
2025-05-03 09:44:07,330 - WARNING - ข้อมูลแท่งเทียน JSTUSDT ไม่เพียงพอ: 29 แท่ง
2025-05-03 09:44:07,336 - ERROR - เกิดข้อผิดพลาดในการบันทึกผลการสแกน: Object of type bool is not JSON serializable
2025-05-03 09:45:04,962 - INFO - เริ่มต้นระบบสำเร็จ
2025-05-03 09:45:05,395 - WARNING - ข้อมูลแท่งเทียน SXTUSDT ไม่เพียงพอ: 19 แท่ง
2025-05-03 09:46:23,563 - INFO - เริ่มต้นระบบสำเร็จ
2025-05-03 09:46:24,038 - WARNING - ข้อมูลแท่งเทียน SXTUSDT ไม่เพียงพอ: 19 แท่ง
2025-05-03 09:48:54,858 - INFO - เริ่มต้นระบบสำเร็จ
2025-05-03 09:48:55,786 - WARNING - ข้อมูลแท่งเทียน SXTUSDT ไม่เพียงพอ: 19 แท่ง
2025-05-03 09:56:40,744 - INFO - เริ่มต้นระบบสำเร็จ
2025-05-03 09:56:41,206 - WARNING - ข้อมูลแท่งเทียน SXTUSDT ไม่เพียงพอ: 19 แท่ง
2025-05-03 09:56:41,565 - WARNING - ข้อมูลแท่งเทียน HAEDALUSDT ไม่เพียงพอ: 13 แท่ง
2025-05-03 09:56:41,620 - WARNING - ข้อมูลแท่งเทียน AIOTUSDT ไม่เพียงพอ: 16 แท่ง
2025-05-03 09:56:41,708 - WARNING - ข้อมูลแท่งเทียน PUNDIXUSDT ไม่เพียงพอ: 17 แท่ง
2025-05-03 09:56:43,436 - WARNING - ข้อมูลแท่งเทียน DOLOUSDT ไม่เพียงพอ: 13 แท่ง
2025-05-03 09:56:51,602 - WARNING - ข้อมูลแท่งเทียน SIGNUSDT ไม่เพียงพอ: 29 แท่ง
2025-05-03 09:56:54,360 - WARNING - ข้อมูลแท่งเทียน CTKUSDT ไม่เพียงพอ: 17 แท่ง
2025-05-03 10:02:58,723 - INFO - เริ่มต้นระบบสำเร็จ
2025-05-03 10:02:59,493 - WARNING - ข้อมูลแท่งเทียน SXTUSDT ไม่เพียงพอ: 20 แท่ง
2025-05-03 10:02:59,924 - WARNING - ข้อมูลแท่งเทียน AIOTUSDT ไม่เพียงพอ: 16 แท่ง
2025-05-03 10:02:59,989 - WARNING - ข้อมูลแท่งเทียน PUNDIXUSDT ไม่เพียงพอ: 17 แท่ง
2025-05-03 10:02:59,989 - WARNING - ข้อมูลแท่งเทียน HAEDALUSDT ไม่เพียงพอ: 13 แท่ง
2025-05-03 10:03:01,276 - WARNING - ข้อมูลแท่งเทียน DOLOUSDT ไม่เพียงพอ: 13 แท่ง
2025-05-03 10:03:08,703 - WARNING - ข้อมูลแท่งเทียน CTKUSDT ไม่เพียงพอ: 17 แท่ง
2025-05-03 10:03:12,669 - WARNING - ข้อมูลแท่งเทียน SIGNUSDT ไม่เพียงพอ: 29 แท่ง
2025-05-03 10:03:40,669 - WARNING - ข้อมูลแท่งเทียน JSTUSDT ไม่เพียงพอ: 29 แท่ง
2025-05-03 10:07:31,852 - INFO - เริ่มต้นระบบสำเร็จ
2025-05-03 10:07:32,313 - WARNING - ข้อมูลแท่งเทียน SXTUSDT ไม่เพียงพอ: 20 แท่ง
2025-05-03 10:07:32,763 - WARNING - ข้อมูลแท่งเทียน HAEDALUSDT ไม่เพียงพอ: 13 แท่ง
2025-05-03 10:07:32,818 - WARNING - ข้อมูลแท่งเทียน AIOTUSDT ไม่เพียงพอ: 16 แท่ง
2025-05-03 10:07:32,846 - WARNING - ข้อมูลแท่งเทียน PUNDIXUSDT ไม่เพียงพอ: 17 แท่ง
2025-05-03 10:07:34,017 - WARNING - ข้อมูลแท่งเทียน DOLOUSDT ไม่เพียงพอ: 13 แท่ง
2025-05-03 10:07:39,432 - WARNING - ข้อมูลแท่งเทียน CTKUSDT ไม่เพียงพอ: 17 แท่ง
2025-05-03 10:07:44,051 - WARNING - ข้อมูลแท่งเทียน SIGNUSDT ไม่เพียงพอ: 29 แท่ง
2025-05-03 10:08:02,147 - WARNING - ข้อมูลแท่งเทียน JSTUSDT ไม่เพียงพอ: 29 แท่ง
2025-05-03 10:09:24,952 - INFO - เริ่มต้นระบบสำเร็จ
2025-05-03 10:09:25,486 - WARNING - ข้อมูลแท่งเทียน SXTUSDT ไม่เพียงพอ: 20 แท่ง
2025-05-03 10:09:25,799 - WARNING - ข้อมูลแท่งเทียน HAEDALUSDT ไม่เพียงพอ: 13 แท่ง
2025-05-03 10:09:25,855 - WARNING - ข้อมูลแท่งเทียน PUNDIXUSDT ไม่เพียงพอ: 17 แท่ง
2025-05-03 10:09:25,881 - WARNING - ข้อมูลแท่งเทียน AIOTUSDT ไม่เพียงพอ: 16 แท่ง
2025-05-03 10:09:27,320 - WARNING - ข้อมูลแท่งเทียน DOLOUSDT ไม่เพียงพอ: 13 แท่ง
2025-05-03 10:09:32,696 - WARNING - ข้อมูลแท่งเทียน CTKUSDT ไม่เพียงพอ: 17 แท่ง
2025-05-03 10:09:37,824 - WARNING - ข้อมูลแท่งเทียน SIGNUSDT ไม่เพียงพอ: 29 แท่ง
2025-05-03 10:10:05,850 - WARNING - ข้อมูลแท่งเทียน JSTUSDT ไม่เพียงพอ: 29 แท่ง
2025-05-03 10:19:33,998 - INFO - เริ่มต้นระบบสำเร็จ
2025-05-03 10:19:34,439 - WARNING - ข้อมูลแท่งเทียน SXTUSDT ไม่เพียงพอ: 20 แท่ง
2025-05-03 10:19:34,705 - WARNING - ข้อมูลแท่งเทียน AIOTUSDT ไม่เพียงพอ: 16 แท่ง
2025-05-03 10:19:34,952 - WARNING - ข้อมูลแท่งเทียน PUNDIXUSDT ไม่เพียงพอ: 17 แท่ง
2025-05-03 10:19:34,967 - WARNING - ข้อมูลแท่งเทียน HAEDALUSDT ไม่เพียงพอ: 13 แท่ง
2025-05-03 10:19:37,931 - WARNING - ข้อมูลแท่งเทียน DOLOUSDT ไม่เพียงพอ: 13 แท่ง
2025-05-03 10:19:42,945 - WARNING - ข้อมูลแท่งเทียน CTKUSDT ไม่เพียงพอ: 17 แท่ง
2025-05-03 10:19:50,463 - WARNING - ข้อมูลแท่งเทียน SIGNUSDT ไม่เพียงพอ: 29 แท่ง
2025-05-03 10:20:03,388 - WARNING - ข้อมูลแท่งเทียน JSTUSDT ไม่เพียงพอ: 29 แท่ง
2025-05-03 10:30:13,426 - INFO - เริ่มต้นระบบสำเร็จ
2025-05-03 10:30:13,983 - WARNING - ข้อมูลแท่งเทียน SXTUSDT ไม่เพียงพอ: 20 แท่ง
2025-05-03 10:30:14,230 - WARNING - ข้อมูลแท่งเทียน AIOTUSDT ไม่เพียงพอ: 16 แท่ง
2025-05-03 10:30:14,325 - WARNING - ข้อมูลแท่งเทียน PUNDIXUSDT ไม่เพียงพอ: 17 แท่ง
2025-05-03 10:30:14,458 - WARNING - ข้อมูลแท่งเทียน HAEDALUSDT ไม่เพียงพอ: 13 แท่ง
2025-05-03 10:30:18,745 - WARNING - ข้อมูลแท่งเทียน CTKUSDT ไม่เพียงพอ: 17 แท่ง
2025-05-03 10:30:25,336 - WARNING - ข้อมูลแท่งเทียน SIGNUSDT ไม่เพียงพอ: 29 แท่ง
2025-05-03 10:30:35,741 - WARNING - ข้อมูลแท่งเทียน DOLOUSDT ไม่เพียงพอ: 13 แท่ง
2025-05-03 10:30:41,926 - WARNING - ข้อมูลแท่งเทียน JSTUSDT ไม่เพียงพอ: 29 แท่ง
2025-05-04 06:24:13,482 - INFO - เริ่มต้นระบบสำเร็จ
2025-05-04 06:24:14,316 - WARNING - ข้อมูลแท่งเทียน SXTUSDT ไม่เพียงพอ: 10 แท่ง
2025-05-04 06:24:14,421 - WARNING - ข้อมูลแท่งเทียน HAEDALUSDT ไม่เพียงพอ: 18 แท่ง
2025-05-04 06:24:14,422 - WARNING - ข้อมูลแท่งเทียน DOLOUSDT ไม่เพียงพอ: 18 แท่ง
2025-05-04 06:24:18,459 - WARNING - ข้อมูลแท่งเทียน CTKUSDT ไม่เพียงพอ: 22 แท่ง
2025-05-04 06:24:22,648 - WARNING - ข้อมูลแท่งเทียน AIOTUSDT ไม่เพียงพอ: 21 แท่ง
2025-05-04 06:24:36,805 - WARNING - ข้อมูลแท่งเทียน PUNDIXUSDT ไม่เพียงพอ: 22 แท่ง
2025-05-04 07:13:06,790 - INFO - เริ่มต้นระบบสำเร็จ
2025-05-04 07:13:07,764 - WARNING - ข้อมูลแท่งเทียน SXTUSDT ไม่เพียงพอ: 11 แท่ง
2025-05-04 07:13:07,818 - WARNING - ข้อมูลแท่งเทียน HAEDALUSDT ไม่เพียงพอ: 19 แท่ง
2025-05-04 07:13:07,836 - WARNING - ข้อมูลแท่งเทียน DOLOUSDT ไม่เพียงพอ: 19 แท่ง
2025-05-04 07:13:12,966 - WARNING - ข้อมูลแท่งเทียน CTKUSDT ไม่เพียงพอ: 23 แท่ง
2025-05-04 07:13:20,362 - WARNING - ข้อมูลแท่งเทียน AIOTUSDT ไม่เพียงพอ: 22 แท่ง
2025-05-04 07:13:21,004 - WARNING - ข้อมูลแท่งเทียน PUNDIXUSDT ไม่เพียงพอ: 23 แท่ง
2025-05-04 07:23:45,801 - INFO - เริ่มต้นระบบสำเร็จ
2025-05-04 07:23:46,973 - WARNING - ข้อมูลแท่งเทียน DOLOUSDT ไม่เพียงพอ: 19 แท่ง
2025-05-04 07:23:47,046 - WARNING - ข้อมูลแท่งเทียน HAEDALUSDT ไม่เพียงพอ: 19 แท่ง
2025-05-04 07:23:47,093 - WARNING - ข้อมูลแท่งเทียน SXTUSDT ไม่เพียงพอ: 11 แท่ง
2025-05-04 07:23:51,472 - WARNING - ข้อมูลแท่งเทียน CTKUSDT ไม่เพียงพอ: 23 แท่ง
2025-05-04 07:23:56,961 - WARNING - ข้อมูลแท่งเทียน AIOTUSDT ไม่เพียงพอ: 22 แท่ง
2025-05-04 07:24:18,365 - WARNING - ข้อมูลแท่งเทียน PUNDIXUSDT ไม่เพียงพอ: 23 แท่ง
2025-05-04 08:24:14,560 - INFO - เริ่มต้นระบบสำเร็จ
2025-05-04 08:24:15,630 - WARNING - ข้อมูลแท่งเทียน HAEDALUSDT ไม่เพียงพอ: 19 แท่ง
2025-05-04 08:24:15,669 - WARNING - ข้อมูลแท่งเทียน SXTUSDT ไม่เพียงพอ: 11 แท่ง
2025-05-04 08:24:16,497 - WARNING - ข้อมูลแท่งเทียน DOLOUSDT ไม่เพียงพอ: 19 แท่ง
2025-05-04 08:24:19,277 - WARNING - ข้อมูลแท่งเทียน CTKUSDT ไม่เพียงพอ: 23 แท่ง
2025-05-04 08:24:23,206 - WARNING - ข้อมูลแท่งเทียน AIOTUSDT ไม่เพียงพอ: 22 แท่ง
2025-05-04 08:24:25,257 - WARNING - ข้อมูลแท่งเทียน PUNDIXUSDT ไม่เพียงพอ: 23 แท่ง
2025-05-04 08:25:55,971 - INFO - เริ่มต้นระบบสำเร็จ
2025-05-04 08:25:57,355 - WARNING - ข้อมูลแท่งเทียน SXTUSDT ไม่เพียงพอ: 11 แท่ง
2025-05-04 08:25:57,355 - WARNING - ข้อมูลแท่งเทียน DOLOUSDT ไม่เพียงพอ: 19 แท่ง
2025-05-04 08:25:57,478 - WARNING - ข้อมูลแท่งเทียน HAEDALUSDT ไม่เพียงพอ: 19 แท่ง
2025-05-04 08:25:59,534 - WARNING - ข้อมูลแท่งเทียน CTKUSDT ไม่เพียงพอ: 23 แท่ง
2025-05-04 08:26:03,246 - WARNING - ข้อมูลแท่งเทียน AIOTUSDT ไม่เพียงพอ: 22 แท่ง
2025-05-04 08:26:05,030 - WARNING - ข้อมูลแท่งเทียน PUNDIXUSDT ไม่เพียงพอ: 23 แท่ง
2025-05-04 08:47:36,951 - INFO - เริ่มต้นระบบสำเร็จ
2025-05-04 08:47:37,937 - WARNING - ข้อมูลแท่งเทียน HAEDALUSDT ไม่เพียงพอ: 19 แท่ง
2025-05-04 08:47:37,993 - WARNING - ข้อมูลแท่งเทียน DOLOUSDT ไม่เพียงพอ: 19 แท่ง
2025-05-04 08:47:38,883 - WARNING - ข้อมูลแท่งเทียน SXTUSDT ไม่เพียงพอ: 11 แท่ง
2025-05-04 08:47:40,052 - WARNING - ข้อมูลแท่งเทียน CTKUSDT ไม่เพียงพอ: 23 แท่ง
2025-05-04 08:47:44,712 - WARNING - ข้อมูลแท่งเทียน AIOTUSDT ไม่เพียงพอ: 22 แท่ง
2025-05-04 08:48:07,400 - WARNING - ข้อมูลแท่งเทียน PUNDIXUSDT ไม่เพียงพอ: 23 แท่ง
2025-05-04 08:54:12,501 - INFO - เริ่มต้นระบบสำเร็จ
2025-05-04 08:54:13,387 - WARNING - ข้อมูลแท่งเทียน SXTUSDT ไม่เพียงพอ: 11 แท่ง
2025-05-04 08:54:13,451 - WARNING - ข้อมูลแท่งเทียน HAEDALUSDT ไม่เพียงพอ: 19 แท่ง
2025-05-04 08:54:13,458 - WARNING - ข้อมูลแท่งเทียน DOLOUSDT ไม่เพียงพอ: 19 แท่ง
2025-05-04 08:54:15,306 - WARNING - ข้อมูลแท่งเทียน AIOTUSDT ไม่เพียงพอ: 22 แท่ง
2025-05-04 08:54:17,809 - WARNING - ข้อมูลแท่งเทียน CTKUSDT ไม่เพียงพอ: 23 แท่ง
2025-05-04 08:54:20,499 - WARNING - ข้อมูลแท่งเทียน PUNDIXUSDT ไม่เพียงพอ: 23 แท่ง
2025-05-04 08:55:41,310 - INFO - เริ่มต้นระบบสำเร็จ
2025-05-04 08:55:42,230 - WARNING - ข้อมูลแท่งเทียน DOLOUSDT ไม่เพียงพอ: 19 แท่ง
2025-05-04 08:55:42,303 - WARNING - ข้อมูลแท่งเทียน SXTUSDT ไม่เพียงพอ: 11 แท่ง
2025-05-04 08:55:42,314 - WARNING - ข้อมูลแท่งเทียน HAEDALUSDT ไม่เพียงพอ: 19 แท่ง
2025-05-04 08:55:45,330 - WARNING - ข้อมูลแท่งเทียน AIOTUSDT ไม่เพียงพอ: 22 แท่ง
2025-05-04 08:55:47,302 - WARNING - ข้อมูลแท่งเทียน CTKUSDT ไม่เพียงพอ: 23 แท่ง
2025-05-04 08:55:50,699 - WARNING - ข้อมูลแท่งเทียน PUNDIXUSDT ไม่เพียงพอ: 23 แท่ง
2025-05-04 08:57:05,013 - INFO - เริ่มต้นระบบสำเร็จ
2025-05-04 08:57:05,980 - WARNING - ข้อมูลแท่งเทียน HAEDALUSDT ไม่เพียงพอ: 19 แท่ง
2025-05-04 08:57:06,010 - WARNING - ข้อมูลแท่งเทียน SXTUSDT ไม่เพียงพอ: 11 แท่ง
2025-05-04 08:57:06,129 - WARNING - ข้อมูลแท่งเทียน DOLOUSDT ไม่เพียงพอ: 19 แท่ง
2025-05-04 08:57:09,583 - WARNING - ข้อมูลแท่งเทียน AIOTUSDT ไม่เพียงพอ: 22 แท่ง
2025-05-04 08:57:11,478 - WARNING - ข้อมูลแท่งเทียน CTKUSDT ไม่เพียงพอ: 23 แท่ง
2025-05-04 08:57:12,798 - WARNING - ข้อมูลแท่งเทียน PUNDIXUSDT ไม่เพียงพอ: 23 แท่ง
2025-05-04 09:11:01,954 - INFO - เริ่มต้นระบบสำเร็จ
2025-05-04 09:11:02,838 - WARNING - ข้อมูลแท่งเทียน SXTUSDT ไม่เพียงพอ: 11 แท่ง
2025-05-04 09:11:02,943 - WARNING - ข้อมูลแท่งเทียน HAEDALUSDT ไม่เพียงพอ: 19 แท่ง
2025-05-04 09:11:02,977 - WARNING - ข้อมูลแท่งเทียน DOLOUSDT ไม่เพียงพอ: 19 แท่ง
2025-05-04 09:11:04,653 - WARNING - ข้อมูลแท่งเทียน AIOTUSDT ไม่เพียงพอ: 22 แท่ง
2025-05-04 09:11:05,157 - WARNING - ข้อมูลแท่งเทียน PUNDIXUSDT ไม่เพียงพอ: 23 แท่ง
2025-05-04 09:11:07,525 - WARNING - ข้อมูลแท่งเทียน CTKUSDT ไม่เพียงพอ: 23 แท่ง
2025-05-04 09:19:03,682 - INFO - เริ่มต้นระบบสำเร็จ
2025-05-04 09:19:05,136 - WARNING - ข้อมูลแท่งเทียน SXTUSDT ไม่เพียงพอ: 11 แท่ง
2025-05-04 09:19:05,186 - WARNING - ข้อมูลแท่งเทียน HAEDALUSDT ไม่เพียงพอ: 19 แท่ง
2025-05-04 09:19:05,187 - WARNING - ข้อมูลแท่งเทียน DOLOUSDT ไม่เพียงพอ: 19 แท่ง
2025-05-04 09:19:05,969 - WARNING - ข้อมูลแท่งเทียน PUNDIXUSDT ไม่เพียงพอ: 23 แท่ง
2025-05-04 09:19:06,385 - WARNING - ข้อมูลแท่งเทียน AIOTUSDT ไม่เพียงพอ: 22 แท่ง
2025-05-04 09:19:08,904 - WARNING - ข้อมูลแท่งเทียน CTKUSDT ไม่เพียงพอ: 23 แท่ง
2025-05-04 09:20:32,101 - INFO - เริ่มต้นระบบสำเร็จ
2025-05-04 09:20:33,759 - WARNING - ข้อมูลแท่งเทียน SXTUSDT ไม่เพียงพอ: 11 แท่ง
2025-05-04 09:20:33,767 - WARNING - ข้อมูลแท่งเทียน HAEDALUSDT ไม่เพียงพอ: 19 แท่ง
2025-05-04 09:20:33,879 - WARNING - ข้อมูลแท่งเทียน DOLOUSDT ไม่เพียงพอ: 19 แท่ง
2025-05-04 09:20:34,574 - WARNING - ข้อมูลแท่งเทียน PUNDIXUSDT ไม่เพียงพอ: 23 แท่ง
2025-05-04 09:20:35,231 - WARNING - ข้อมูลแท่งเทียน AIOTUSDT ไม่เพียงพอ: 22 แท่ง
2025-05-04 09:20:37,163 - WARNING - ข้อมูลแท่งเทียน CTKUSDT ไม่เพียงพอ: 23 แท่ง
2025-05-04 09:21:21,274 - INFO - เริ่มต้นระบบสำเร็จ
2025-05-04 09:21:22,992 - WARNING - ข้อมูลแท่งเทียน SXTUSDT ไม่เพียงพอ: 11 แท่ง
2025-05-04 09:21:23,075 - WARNING - ข้อมูลแท่งเทียน HAEDALUSDT ไม่เพียงพอ: 19 แท่ง
2025-05-04 09:21:23,075 - WARNING - ข้อมูลแท่งเทียน DOLOUSDT ไม่เพียงพอ: 19 แท่ง
2025-05-04 09:21:24,119 - WARNING - ข้อมูลแท่งเทียน PUNDIXUSDT ไม่เพียงพอ: 23 แท่ง
2025-05-04 09:21:25,372 - WARNING - ข้อมูลแท่งเทียน AIOTUSDT ไม่เพียงพอ: 22 แท่ง
2025-05-04 09:21:25,990 - WARNING - ข้อมูลแท่งเทียน CTKUSDT ไม่เพียงพอ: 23 แท่ง
2025-05-04 09:22:02,728 - ERROR - เกิดข้อผิดพลาดในการระบุรูปแบบ Double Top/Bottom: cannot access local variable 'fill_value' where it is not associated with a value
2025-05-04 09:32:17,490 - INFO - เริ่มต้นระบบสำเร็จ
2025-05-04 09:32:18,946 - WARNING - ข้อมูลแท่งเทียน HAEDALUSDT ไม่เพียงพอ: 19 แท่ง
2025-05-04 09:32:18,975 - WARNING - ข้อมูลแท่งเทียน DOLOUSDT ไม่เพียงพอ: 19 แท่ง
2025-05-04 09:32:18,979 - WARNING - ข้อมูลแท่งเทียน SXTUSDT ไม่เพียงพอ: 11 แท่ง
2025-05-04 09:32:20,860 - WARNING - ข้อมูลแท่งเทียน PUNDIXUSDT ไม่เพียงพอ: 23 แท่ง
2025-05-04 09:32:21,801 - WARNING - ข้อมูลแท่งเทียน CTKUSDT ไม่เพียงพอ: 23 แท่ง
2025-05-04 09:32:23,121 - WARNING - ข้อมูลแท่งเทียน AIOTUSDT ไม่เพียงพอ: 22 แท่ง
2025-05-04 09:53:35,294 - INFO - เริ่มต้นระบบสำเร็จ
2025-05-04 09:53:36,785 - WARNING - ข้อมูลแท่งเทียน HAEDALUSDT ไม่เพียงพอ: 19 แท่ง
2025-05-04 09:53:36,854 - WARNING - ข้อมูลแท่งเทียน PUNDIXUSDT ไม่เพียงพอ: 23 แท่ง
2025-05-04 09:53:36,866 - WARNING - ข้อมูลแท่งเทียน DOLOUSDT ไม่เพียงพอ: 19 แท่ง
2025-05-04 09:53:38,941 - WARNING - ข้อมูลแท่งเทียน CTKUSDT ไม่เพียงพอ: 23 แท่ง
2025-05-04 09:53:50,887 - WARNING - ข้อมูลแท่งเทียน SXTUSDT ไม่เพียงพอ: 11 แท่ง
2025-05-04 09:53:58,722 - WARNING - ข้อมูลแท่งเทียน AIOTUSDT ไม่เพียงพอ: 22 แท่ง
2025-05-04 10:02:11,758 - INFO - เริ่มต้นระบบสำเร็จ
2025-05-04 10:02:13,162 - WARNING - ข้อมูลแท่งเทียน DOLOUSDT ไม่เพียงพอ: 19 แท่ง
2025-05-04 10:02:13,266 - WARNING - ข้อมูลแท่งเทียน HAEDALUSDT ไม่เพียงพอ: 19 แท่ง
2025-05-04 10:02:13,811 - WARNING - ข้อมูลแท่งเทียน PUNDIXUSDT ไม่เพียงพอ: 23 แท่ง
2025-05-04 10:02:16,584 - WARNING - ข้อมูลแท่งเทียน CTKUSDT ไม่เพียงพอ: 23 แท่ง
2025-05-04 10:02:23,499 - WARNING - ข้อมูลแท่งเทียน SXTUSDT ไม่เพียงพอ: 11 แท่ง
2025-05-04 10:02:38,068 - WARNING - ข้อมูลแท่งเทียน AIOTUSDT ไม่เพียงพอ: 22 แท่ง
2025-05-04 10:02:58,773 - ERROR - เกิดข้อผิดพลาดในการสแกน: 'AltcoinMomentumScanner' object has no attribute '_display_scan_summary'
2025-05-04 10:03:47,188 - INFO - เริ่มต้นระบบสำเร็จ
2025-05-04 10:03:48,641 - WARNING - ข้อมูลแท่งเทียน DOLOUSDT ไม่เพียงพอ: 19 แท่ง
2025-05-04 10:03:48,687 - WARNING - ข้อมูลแท่งเทียน HAEDALUSDT ไม่เพียงพอ: 19 แท่ง
2025-05-04 10:03:49,378 - WARNING - ข้อมูลแท่งเทียน PUNDIXUSDT ไม่เพียงพอ: 23 แท่ง
2025-05-04 10:12:47,671 - INFO - เริ่มต้นระบบสำเร็จ
2025-05-04 10:12:48,476 - ERROR - เกิดข้อผิดพลาดในการสแกน: name 'Progress' is not defined
2025-05-04 10:49:07,672 - INFO - เริ่มต้นระบบสำเร็จ
2025-05-04 10:49:08,652 - WARNING - ข้อมูลแท่งเทียน HAEDALUSDT ไม่เพียงพอ: 19 แท่ง
2025-05-04 10:49:10,449 - WARNING - ข้อมูลแท่งเทียน PUNDIXUSDT ไม่เพียงพอ: 23 แท่ง
2025-05-04 10:49:11,058 - WARNING - ข้อมูลแท่งเทียน CTKUSDT ไม่เพียงพอ: 23 แท่ง
2025-05-04 10:49:17,247 - WARNING - ข้อมูลแท่งเทียน DOLOUSDT ไม่เพียงพอ: 19 แท่ง
2025-05-04 10:49:24,751 - WARNING - ข้อมูลแท่งเทียน AIOTUSDT ไม่เพียงพอ: 22 แท่ง
2025-05-04 10:49:28,836 - WARNING - ข้อมูลแท่งเทียน SXTUSDT ไม่เพียงพอ: 11 แท่ง
