2025-05-03 09:15:09,547 - INFO - เริ่มต้นระบบสำเร็จ
2025-05-03 09:15:09,993 - ERROR - เกิดข้อผิดพลาดในการดึงข้อมูลแท่งเทียน STOUSDT: 'numpy.ndarray' object has no attribute 'iloc'
2025-05-03 09:15:10,114 - ERROR - เกิดข้อผิดพลาดในการดึงข้อมูลแท่งเทียน AERGOUSDT: 'numpy.ndarray' object has no attribute 'iloc'
2025-05-03 09:15:10,167 - ERROR - เกิดข้อผิดพลาดในการดึงข้อมูลแท่งเทียน FHEUSDT: 'numpy.ndarray' object has no attribute 'iloc'
2025-05-03 09:15:10,174 - ERROR - เกิดข้อผิดพลาดในการดึงข้อมูลแท่งเทียน BROCCOLIF3BUSDT: 'numpy.ndarray' object has no attribute 'iloc'
2025-05-03 09:15:10,177 - ERROR - เกิดข้อผิดพลาดในการดึงข้อมูลแท่งเทียน AVAAIUSDT: 'numpy.ndarray' object has no attribute 'iloc'
2025-05-03 09:15:10,178 - ERROR - เกิดข้อผิดพลาดในการดึงข้อมูลแท่งเทียน BROCCOLI714USDT: 'numpy.ndarray' object has no attribute 'iloc'
2025-05-03 09:15:10,242 - ERROR - เกิดข้อผิดพลาดในการดึงข้อมูลแท่งเทียน CHILLGUYUSDT: 'numpy.ndarray' object has no attribute 'iloc'
2025-05-03 09:15:10,327 - ERROR - เกิดข้อผิดพลาดในการดึงข้อมูลแท่งเทียน AIXBTUSDT: 'numpy.ndarray' object has no attribute 'iloc'
2025-05-03 09:15:10,328 - ERROR - เกิดข้อผิดพลาดในการดึงข้อมูลแท่งเทียน VOXELUSDT: 'numpy.ndarray' object has no attribute 'iloc'
2025-05-03 09:15:10,332 - ERROR - เกิดข้อผิดพลาดในการดึงข้อมูลแท่งเทียน VVVUSDT: 'numpy.ndarray' object has no attribute 'iloc'
2025-05-03 09:15:10,367 - ERROR - เกิดข้อผิดพลาดในการดึงข้อมูลแท่งเทียน PENGUUSDT: 'numpy.ndarray' object has no attribute 'iloc'
2025-05-03 09:15:10,417 - ERROR - เกิดข้อผิดพลาดในการดึงข้อมูลแท่งเทียน BMTUSDT: 'numpy.ndarray' object has no attribute 'iloc'
2025-05-03 09:15:10,481 - ERROR - เกิดข้อผิดพลาดในการดึงข้อมูลแท่งเทียน WALUSDT: 'numpy.ndarray' object has no attribute 'iloc'
2025-05-03 09:15:10,493 - ERROR - เกิดข้อผิดพลาดในการดึงข้อมูลแท่งเทียน BSVUSDT: 'numpy.ndarray' object has no attribute 'iloc'
2025-05-03 09:15:10,498 - ERROR - เกิดข้อผิดพลาดในการดึงข้อมูลแท่งเทียน AI16ZUSDT: 'numpy.ndarray' object has no attribute 'iloc'
2025-05-03 09:15:10,499 - ERROR - เกิดข้อผิดพลาดในการดึงข้อมูลแท่งเทียน NEIROETHUSDT: 'numpy.ndarray' object has no attribute 'iloc'
2025-05-03 09:15:10,542 - ERROR - เกิดข้อผิดพลาดในการดึงข้อมูลแท่งเทียน HIGHUSDT: 'numpy.ndarray' object has no attribute 'iloc'
2025-05-03 09:15:10,640 - ERROR - เกิดข้อผิดพลาดในการดึงข้อมูลแท่งเทียน TURBOUSDT: 'numpy.ndarray' object has no attribute 'iloc'
2025-05-03 09:15:10,656 - ERROR - เกิดข้อผิดพลาดในการดึงข้อมูลแท่งเทียน SHELLUSDT: 'numpy.ndarray' object has no attribute 'iloc'
2025-05-03 09:15:10,659 - ERROR - เกิดข้อผิดพลาดในการดึงข้อมูลแท่งเทียน IMXUSDT: 'numpy.ndarray' object has no attribute 'iloc'
2025-05-03 09:15:10,673 - ERROR - เกิดข้อผิดพลาดในการดึงข้อมูลแท่งเทียน LAYERUSDT: 'numpy.ndarray' object has no attribute 'iloc'
2025-05-03 09:15:10,676 - ERROR - เกิดข้อผิดพลาดในการดึงข้อมูลแท่งเทียน NOTUSDT: 'numpy.ndarray' object has no attribute 'iloc'
2025-05-03 09:15:10,823 - ERROR - เกิดข้อผิดพลาดในการดึงข้อมูลแท่งเทียน PROMPTUSDT: 'numpy.ndarray' object has no attribute 'iloc'
2025-05-03 09:15:10,830 - ERROR - เกิดข้อผิดพลาดในการดึงข้อมูลแท่งเทียน HIPPOUSDT: 'numpy.ndarray' object has no attribute 'iloc'
2025-05-03 09:15:10,832 - ERROR - เกิดข้อผิดพลาดในการดึงข้อมูลแท่งเทียน OMUSDT: 'numpy.ndarray' object has no attribute 'iloc'
2025-05-03 09:15:10,832 - ERROR - เกิดข้อผิดพลาดในการดึงข้อมูลแท่งเทียน ARUSDT: 'numpy.ndarray' object has no attribute 'iloc'
2025-05-03 09:15:10,836 - ERROR - เกิดข้อผิดพลาดในการดึงข้อมูลแท่งเทียน DOGSUSDT: 'numpy.ndarray' object has no attribute 'iloc'
2025-05-03 09:15:10,993 - ERROR - เกิดข้อผิดพลาดในการดึงข้อมูลแท่งเทียน ALPHAUSDT: 'numpy.ndarray' object has no attribute 'iloc'
2025-05-03 09:15:10,999 - ERROR - เกิดข้อผิดพลาดในการดึงข้อมูลแท่งเทียน HIVEUSDT: 'numpy.ndarray' object has no attribute 'iloc'
2025-05-03 09:15:11,009 - ERROR - เกิดข้อผิดพลาดในการดึงข้อมูลแท่งเทียน BSWUSDT: 'numpy.ndarray' object has no attribute 'iloc'
2025-05-03 09:15:11,012 - ERROR - เกิดข้อผิดพลาดในการดึงข้อมูลแท่งเทียน VINEUSDT: 'numpy.ndarray' object has no attribute 'iloc'
2025-05-03 09:15:11,015 - ERROR - เกิดข้อผิดพลาดในการดึงข้อมูลแท่งเทียน ENAUSDT: 'numpy.ndarray' object has no attribute 'iloc'
2025-05-03 09:15:11,184 - ERROR - เกิดข้อผิดพลาดในการดึงข้อมูลแท่งเทียน AVAUSDT: 'numpy.ndarray' object has no attribute 'iloc'
2025-05-03 09:15:11,185 - ERROR - เกิดข้อผิดพลาดในการดึงข้อมูลแท่งเทียน MEWUSDT: 'numpy.ndarray' object has no attribute 'iloc'
2025-05-03 09:15:11,188 - ERROR - เกิดข้อผิดพลาดในการดึงข้อมูลแท่งเทียน FUNUSDT: 'numpy.ndarray' object has no attribute 'iloc'
2025-05-03 09:15:11,193 - ERROR - เกิดข้อผิดพลาดในการดึงข้อมูลแท่งเทียน TIAUSDT: 'numpy.ndarray' object has no attribute 'iloc'
2025-05-03 09:15:11,193 - ERROR - เกิดข้อผิดพลาดในการดึงข้อมูลแท่งเทียน PARTIUSDT: 'numpy.ndarray' object has no attribute 'iloc'
2025-05-03 09:15:11,365 - ERROR - เกิดข้อผิดพลาดในการดึงข้อมูลแท่งเทียน FARTCOINUSDT: 'numpy.ndarray' object has no attribute 'iloc'
2025-05-03 09:15:11,365 - ERROR - เกิดข้อผิดพลาดในการดึงข้อมูลแท่งเทียน WLDUSDT: 'numpy.ndarray' object has no attribute 'iloc'
2025-05-03 09:15:11,367 - ERROR - เกิดข้อผิดพลาดในการดึงข้อมูลแท่งเทียน REZUSDT: 'numpy.ndarray' object has no attribute 'iloc'
2025-05-03 09:15:11,372 - ERROR - เกิดข้อผิดพลาดในการดึงข้อมูลแท่งเทียน VIRTUALUSDT: 'numpy.ndarray' object has no attribute 'iloc'
2025-05-03 09:15:11,373 - ERROR - เกิดข้อผิดพลาดในการดึงข้อมูลแท่งเทียน PNUTUSDT: 'numpy.ndarray' object has no attribute 'iloc'
2025-05-03 09:15:11,522 - ERROR - เกิดข้อผิดพลาดในการดึงข้อมูลแท่งเทียน RUNEUSDT: 'numpy.ndarray' object has no attribute 'iloc'
2025-05-03 09:15:11,524 - ERROR - เกิดข้อผิดพลาดในการดึงข้อมูลแท่งเทียน NEARUSDT: 'numpy.ndarray' object has no attribute 'iloc'
2025-05-03 09:15:11,525 - ERROR - เกิดข้อผิดพลาดในการดึงข้อมูลแท่งเทียน BABYUSDT: 'numpy.ndarray' object has no attribute 'iloc'
2025-05-03 09:19:23,518 - INFO - เริ่มต้นระบบสำเร็จ
2025-05-03 09:19:23,972 - ERROR - เกิดข้อผิดพลาดในการดึงข้อมูลแท่งเทียน STOUSDT: 'numpy.ndarray' object has no attribute 'iloc'
2025-05-03 09:19:24,050 - ERROR - เกิดข้อผิดพลาดในการดึงข้อมูลแท่งเทียน AERGOUSDT: 'numpy.ndarray' object has no attribute 'iloc'
2025-05-03 09:19:24,088 - ERROR - เกิดข้อผิดพลาดในการดึงข้อมูลแท่งเทียน FHEUSDT: 'numpy.ndarray' object has no attribute 'iloc'
2025-05-03 09:19:24,112 - ERROR - เกิดข้อผิดพลาดในการดึงข้อมูลแท่งเทียน BROCCOLIF3BUSDT: 'numpy.ndarray' object has no attribute 'iloc'
2025-05-03 09:19:24,119 - ERROR - เกิดข้อผิดพลาดในการดึงข้อมูลแท่งเทียน BROCCOLI714USDT: 'numpy.ndarray' object has no attribute 'iloc'
2025-05-03 09:19:24,119 - ERROR - เกิดข้อผิดพลาดในการดึงข้อมูลแท่งเทียน AVAAIUSDT: 'numpy.ndarray' object has no attribute 'iloc'
2025-05-03 09:19:24,173 - ERROR - เกิดข้อผิดพลาดในการดึงข้อมูลแท่งเทียน VOXELUSDT: 'numpy.ndarray' object has no attribute 'iloc'
2025-05-03 09:19:24,229 - ERROR - เกิดข้อผิดพลาดในการดึงข้อมูลแท่งเทียน CHILLGUYUSDT: 'numpy.ndarray' object has no attribute 'iloc'
2025-05-03 09:19:24,257 - ERROR - เกิดข้อผิดพลาดในการดึงข้อมูลแท่งเทียน VVVUSDT: 'numpy.ndarray' object has no attribute 'iloc'
2025-05-03 09:19:24,258 - ERROR - เกิดข้อผิดพลาดในการดึงข้อมูลแท่งเทียน AIXBTUSDT: 'numpy.ndarray' object has no attribute 'iloc'
2025-05-03 09:19:24,298 - ERROR - เกิดข้อผิดพลาดในการดึงข้อมูลแท่งเทียน BSVUSDT: 'numpy.ndarray' object has no attribute 'iloc'
2025-05-03 09:19:24,368 - ERROR - เกิดข้อผิดพลาดในการดึงข้อมูลแท่งเทียน WALUSDT: 'numpy.ndarray' object has no attribute 'iloc'
2025-05-03 09:19:24,369 - ERROR - เกิดข้อผิดพลาดในการดึงข้อมูลแท่งเทียน PENGUUSDT: 'numpy.ndarray' object has no attribute 'iloc'
2025-05-03 09:19:24,397 - ERROR - เกิดข้อผิดพลาดในการดึงข้อมูลแท่งเทียน NEIROETHUSDT: 'numpy.ndarray' object has no attribute 'iloc'
2025-05-03 09:19:24,398 - ERROR - เกิดข้อผิดพลาดในการดึงข้อมูลแท่งเทียน AI16ZUSDT: 'numpy.ndarray' object has no attribute 'iloc'
2025-05-03 09:19:24,427 - ERROR - เกิดข้อผิดพลาดในการดึงข้อมูลแท่งเทียน TURBOUSDT: 'numpy.ndarray' object has no attribute 'iloc'
2025-05-03 09:19:24,506 - ERROR - เกิดข้อผิดพลาดในการดึงข้อมูลแท่งเทียน BMTUSDT: 'numpy.ndarray' object has no attribute 'iloc'
2025-05-03 09:19:24,509 - ERROR - เกิดข้อผิดพลาดในการดึงข้อมูลแท่งเทียน HIGHUSDT: 'numpy.ndarray' object has no attribute 'iloc'
2025-05-03 09:19:24,535 - ERROR - เกิดข้อผิดพลาดในการดึงข้อมูลแท่งเทียน SHELLUSDT: 'numpy.ndarray' object has no attribute 'iloc'
2025-05-03 09:19:24,536 - ERROR - เกิดข้อผิดพลาดในการดึงข้อมูลแท่งเทียน NOTUSDT: 'numpy.ndarray' object has no attribute 'iloc'
2025-05-03 09:19:24,553 - ERROR - เกิดข้อผิดพลาดในการดึงข้อมูลแท่งเทียน ALPHAUSDT: 'numpy.ndarray' object has no attribute 'iloc'
2025-05-03 09:19:24,645 - ERROR - เกิดข้อผิดพลาดในการดึงข้อมูลแท่งเทียน DOGSUSDT: 'numpy.ndarray' object has no attribute 'iloc'
2025-05-03 09:19:24,648 - ERROR - เกิดข้อผิดพลาดในการดึงข้อมูลแท่งเทียน LAYERUSDT: 'numpy.ndarray' object has no attribute 'iloc'
2025-05-03 09:19:24,687 - ERROR - เกิดข้อผิดพลาดในการดึงข้อมูลแท่งเทียน OMUSDT: 'numpy.ndarray' object has no attribute 'iloc'
2025-05-03 09:19:24,689 - ERROR - เกิดข้อผิดพลาดในการดึงข้อมูลแท่งเทียน HIPPOUSDT: 'numpy.ndarray' object has no attribute 'iloc'
2025-05-03 09:19:24,693 - ERROR - เกิดข้อผิดพลาดในการดึงข้อมูลแท่งเทียน ARUSDT: 'numpy.ndarray' object has no attribute 'iloc'
2025-05-03 09:19:24,784 - ERROR - เกิดข้อผิดพลาดในการดึงข้อมูลแท่งเทียน VINEUSDT: 'numpy.ndarray' object has no attribute 'iloc'
2025-05-03 09:19:24,786 - ERROR - เกิดข้อผิดพลาดในการดึงข้อมูลแท่งเทียน ENAUSDT: 'numpy.ndarray' object has no attribute 'iloc'
2025-05-03 09:19:24,839 - ERROR - เกิดข้อผิดพลาดในการดึงข้อมูลแท่งเทียน PROMPTUSDT: 'numpy.ndarray' object has no attribute 'iloc'
2025-05-03 09:19:24,839 - ERROR - เกิดข้อผิดพลาดในการดึงข้อมูลแท่งเทียน IMXUSDT: 'numpy.ndarray' object has no attribute 'iloc'
2025-05-03 09:19:24,843 - ERROR - เกิดข้อผิดพลาดในการดึงข้อมูลแท่งเทียน BSWUSDT: 'numpy.ndarray' object has no attribute 'iloc'
2025-05-03 09:19:24,923 - ERROR - เกิดข้อผิดพลาดในการดึงข้อมูลแท่งเทียน PARTIUSDT: 'numpy.ndarray' object has no attribute 'iloc'
2025-05-03 09:19:24,926 - ERROR - เกิดข้อผิดพลาดในการดึงข้อมูลแท่งเทียน HIVEUSDT: 'numpy.ndarray' object has no attribute 'iloc'
2025-05-03 09:19:24,990 - ERROR - เกิดข้อผิดพลาดในการดึงข้อมูลแท่งเทียน REZUSDT: 'numpy.ndarray' object has no attribute 'iloc'
2025-05-03 09:19:24,995 - ERROR - เกิดข้อผิดพลาดในการดึงข้อมูลแท่งเทียน TIAUSDT: 'numpy.ndarray' object has no attribute 'iloc'
2025-05-03 09:19:24,996 - ERROR - เกิดข้อผิดพลาดในการดึงข้อมูลแท่งเทียน FUNUSDT: 'numpy.ndarray' object has no attribute 'iloc'
2025-05-03 09:19:25,064 - ERROR - เกิดข้อผิดพลาดในการดึงข้อมูลแท่งเทียน WLDUSDT: 'numpy.ndarray' object has no attribute 'iloc'
2025-05-03 09:19:25,064 - ERROR - เกิดข้อผิดพลาดในการดึงข้อมูลแท่งเทียน MEWUSDT: 'numpy.ndarray' object has no attribute 'iloc'
2025-05-03 09:19:25,144 - ERROR - เกิดข้อผิดพลาดในการดึงข้อมูลแท่งเทียน FARTCOINUSDT: 'numpy.ndarray' object has no attribute 'iloc'
2025-05-03 09:19:25,146 - ERROR - เกิดข้อผิดพลาดในการดึงข้อมูลแท่งเทียน RUNEUSDT: 'numpy.ndarray' object has no attribute 'iloc'
2025-05-03 09:19:25,146 - ERROR - เกิดข้อผิดพลาดในการดึงข้อมูลแท่งเทียน VIRTUALUSDT: 'numpy.ndarray' object has no attribute 'iloc'
2025-05-03 09:19:25,208 - ERROR - เกิดข้อผิดพลาดในการดึงข้อมูลแท่งเทียน MEMEUSDT: 'numpy.ndarray' object has no attribute 'iloc'
2025-05-03 09:19:25,208 - ERROR - เกิดข้อผิดพลาดในการดึงข้อมูลแท่งเทียน HEIUSDT: 'numpy.ndarray' object has no attribute 'iloc'
2025-05-03 09:19:25,290 - ERROR - เกิดข้อผิดพลาดในการดึงข้อมูลแท่งเทียน CATIUSDT: 'numpy.ndarray' object has no attribute 'iloc'
2025-05-03 09:19:25,292 - ERROR - เกิดข้อผิดพลาดในการดึงข้อมูลแท่งเทียน PNUTUSDT: 'numpy.ndarray' object has no attribute 'iloc'
2025-05-03 09:22:37,032 - INFO - เริ่มต้นระบบสำเร็จ
2025-05-03 09:26:38,607 - INFO - เริ่มต้นระบบสำเร็จ
2025-05-03 09:29:00,167 - INFO - เริ่มต้นระบบสำเร็จ
2025-05-03 09:29:19,317 - INFO - เริ่มต้นระบบสำเร็จ
2025-05-03 09:29:49,432 - INFO - เริ่มต้นระบบสำเร็จ
2025-05-03 09:30:06,120 - INFO - เริ่มต้นระบบสำเร็จ
