2024-11-09 07:32:56,043 - INFO - Starting market scan...
2024-11-09 07:32:57,899 - INFO - Found 2398 valid pairs
2024-11-09 07:32:57,899 - INFO - Analyzing AARK_USDT...
2024-11-09 07:32:57,899 - ERROR - Error getting ticker data for AARK_USDT: 'SpotApi' object has no attribute 'get_ticker'
2024-11-09 07:32:58,000 - INFO - Analyzing AART_USDT...
2024-11-09 07:32:58,000 - ERROR - Error getting ticker data for AART_USDT: 'SpotApi' object has no attribute 'get_ticker'
2024-11-09 07:32:58,101 - INFO - Analyzing AAVE_USDT...
2024-11-09 07:32:58,101 - ERROR - Error getting ticker data for AAVE_USDT: 'SpotApi' object has no attribute 'get_ticker'
2024-11-09 07:32:58,202 - INFO - Analyzing AAX_USDT...
2024-11-09 07:32:58,203 - ERROR - Error getting ticker data for AAX_USDT: 'SpotApi' object has no attribute 'get_ticker'
2024-11-09 07:32:58,304 - INFO - Analyzing ABBC_USDT...
2024-11-09 07:32:58,304 - ERROR - Error getting ticker data for ABBC_USDT: 'SpotApi' object has no attribute 'get_ticker'
2024-11-09 07:32:58,405 - INFO - Analyzing ABT_USDT...
2024-11-09 07:32:58,405 - ERROR - Error getting ticker data for ABT_USDT: 'SpotApi' object has no attribute 'get_ticker'
2024-11-09 07:32:58,505 - INFO - Analyzing ABYS_USDT...
2024-11-09 07:32:58,505 - ERROR - Error getting ticker data for ABYS_USDT: 'SpotApi' object has no attribute 'get_ticker'
2024-11-09 07:32:58,606 - INFO - Analyzing ACA_USDT...
2024-11-09 07:32:58,606 - ERROR - Error getting ticker data for ACA_USDT: 'SpotApi' object has no attribute 'get_ticker'
2024-11-09 07:32:58,707 - INFO - Analyzing ACENT_USDT...
2024-11-09 07:32:58,707 - ERROR - Error getting ticker data for ACENT_USDT: 'SpotApi' object has no attribute 'get_ticker'
2024-11-09 07:32:58,809 - INFO - Analyzing ACE_USDT...
2024-11-09 07:32:58,809 - ERROR - Error getting ticker data for ACE_USDT: 'SpotApi' object has no attribute 'get_ticker'
2024-11-09 07:32:58,910 - INFO - Analyzing ACH_USDT...
2024-11-09 07:32:58,910 - ERROR - Error getting ticker data for ACH_USDT: 'SpotApi' object has no attribute 'get_ticker'
2024-11-09 07:32:59,010 - INFO - Analyzing ACL_USDT...
2024-11-09 07:32:59,010 - ERROR - Error getting ticker data for ACL_USDT: 'SpotApi' object has no attribute 'get_ticker'
2024-11-09 07:32:59,111 - INFO - Analyzing ACM_USDT...
2024-11-09 07:32:59,111 - ERROR - Error getting ticker data for ACM_USDT: 'SpotApi' object has no attribute 'get_ticker'
2024-11-09 07:32:59,212 - INFO - Analyzing ACN_USDT...
2024-11-09 07:32:59,212 - ERROR - Error getting ticker data for ACN_USDT: 'SpotApi' object has no attribute 'get_ticker'
2024-11-09 07:32:59,313 - INFO - Analyzing ACS_USDT...
2024-11-09 07:32:59,313 - ERROR - Error getting ticker data for ACS_USDT: 'SpotApi' object has no attribute 'get_ticker'
2024-11-09 07:32:59,413 - INFO - Analyzing ACT_USDT...
2024-11-09 07:32:59,413 - ERROR - Error getting ticker data for ACT_USDT: 'SpotApi' object has no attribute 'get_ticker'
2024-11-09 07:32:59,514 - INFO - Analyzing ACX_USDT...
2024-11-09 07:32:59,514 - ERROR - Error getting ticker data for ACX_USDT: 'SpotApi' object has no attribute 'get_ticker'
2024-11-09 07:32:59,615 - INFO - Analyzing ADAPAD_USDT...
2024-11-09 07:32:59,615 - ERROR - Error getting ticker data for ADAPAD_USDT: 'SpotApi' object has no attribute 'get_ticker'
2024-11-09 07:32:59,715 - INFO - Analyzing ADA_USDT...
2024-11-09 07:32:59,715 - ERROR - Error getting ticker data for ADA_USDT: 'SpotApi' object has no attribute 'get_ticker'
2024-11-09 07:32:59,819 - INFO - Analyzing ADEL_USDT...
2024-11-09 07:32:59,819 - ERROR - Error getting ticker data for ADEL_USDT: 'SpotApi' object has no attribute 'get_ticker'
2024-11-09 07:32:59,920 - INFO - Analyzing ADF_USDT...
2024-11-09 07:32:59,920 - ERROR - Error getting ticker data for ADF_USDT: 'SpotApi' object has no attribute 'get_ticker'
2024-11-09 07:33:00,020 - INFO - Analyzing ADP_USDT...
2024-11-09 07:33:00,020 - ERROR - Error getting ticker data for ADP_USDT: 'SpotApi' object has no attribute 'get_ticker'
2024-11-09 07:33:00,121 - INFO - Analyzing ADS_USDT...
2024-11-09 07:33:00,121 - ERROR - Error getting ticker data for ADS_USDT: 'SpotApi' object has no attribute 'get_ticker'
2024-11-09 07:33:00,222 - INFO - Analyzing ADX_USDT...
2024-11-09 07:33:00,222 - ERROR - Error getting ticker data for ADX_USDT: 'SpotApi' object has no attribute 'get_ticker'
2024-11-09 07:33:00,323 - INFO - Analyzing AD_USDT...
2024-11-09 07:33:00,323 - ERROR - Error getting ticker data for AD_USDT: 'SpotApi' object has no attribute 'get_ticker'
2024-11-09 07:33:00,423 - INFO - Analyzing AEG_USDT...
2024-11-09 07:33:00,423 - ERROR - Error getting ticker data for AEG_USDT: 'SpotApi' object has no attribute 'get_ticker'
2024-11-09 07:33:00,526 - INFO - Analyzing AERGO_USDT...
2024-11-09 07:33:00,527 - ERROR - Error getting ticker data for AERGO_USDT: 'SpotApi' object has no attribute 'get_ticker'
2024-11-09 07:33:00,629 - INFO - Analyzing AERO_USDT...
2024-11-09 07:33:00,633 - ERROR - Error getting ticker data for AERO_USDT: 'SpotApi' object has no attribute 'get_ticker'
2024-11-09 07:33:00,734 - INFO - Analyzing AEVO_USDT...
2024-11-09 07:33:00,734 - ERROR - Error getting ticker data for AEVO_USDT: 'SpotApi' object has no attribute 'get_ticker'
2024-11-09 07:33:00,835 - INFO - Analyzing AE_USDT...
2024-11-09 07:33:00,836 - ERROR - Error getting ticker data for AE_USDT: 'SpotApi' object has no attribute 'get_ticker'
2024-11-09 07:33:00,936 - INFO - Analyzing AFC_USDT...
2024-11-09 07:33:00,936 - ERROR - Error getting ticker data for AFC_USDT: 'SpotApi' object has no attribute 'get_ticker'
2024-11-09 07:33:01,037 - INFO - Analyzing AGA_USDT...
2024-11-09 07:33:01,037 - ERROR - Error getting ticker data for AGA_USDT: 'SpotApi' object has no attribute 'get_ticker'
2024-11-09 07:33:01,138 - INFO - Analyzing AGB_USDT...
2024-11-09 07:33:01,138 - ERROR - Error getting ticker data for AGB_USDT: 'SpotApi' object has no attribute 'get_ticker'
2024-11-09 07:33:01,239 - INFO - Analyzing AGENT_USDT...
2024-11-09 07:33:01,239 - ERROR - Error getting ticker data for AGENT_USDT: 'SpotApi' object has no attribute 'get_ticker'
2024-11-09 07:33:01,340 - INFO - Analyzing AGG_USDT...
2024-11-09 07:33:01,340 - ERROR - Error getting ticker data for AGG_USDT: 'SpotApi' object has no attribute 'get_ticker'
2024-11-09 07:33:01,441 - INFO - Analyzing AGI_USDT...
2024-11-09 07:33:01,441 - ERROR - Error getting ticker data for AGI_USDT: 'SpotApi' object has no attribute 'get_ticker'
2024-11-09 07:33:01,542 - INFO - Analyzing AGLA_USDT...
2024-11-09 07:33:01,543 - ERROR - Error getting ticker data for AGLA_USDT: 'SpotApi' object has no attribute 'get_ticker'
2024-11-09 07:33:01,643 - INFO - Analyzing AGLD_USDT...
2024-11-09 07:33:01,643 - ERROR - Error getting ticker data for AGLD_USDT: 'SpotApi' object has no attribute 'get_ticker'
2024-11-09 07:33:01,744 - INFO - Analyzing AGRS_USDT...
2024-11-09 07:33:01,744 - ERROR - Error getting ticker data for AGRS_USDT: 'SpotApi' object has no attribute 'get_ticker'
2024-11-09 07:33:01,845 - INFO - Analyzing AGS_USDT...
2024-11-09 07:33:01,845 - ERROR - Error getting ticker data for AGS_USDT: 'SpotApi' object has no attribute 'get_ticker'
2024-11-09 07:33:01,946 - INFO - Analyzing AIBB_USDT...
2024-11-09 07:33:01,946 - ERROR - Error getting ticker data for AIBB_USDT: 'SpotApi' object has no attribute 'get_ticker'
2024-11-09 07:33:02,046 - INFO - Analyzing AICODE_USDT...
2024-11-09 07:33:02,046 - ERROR - Error getting ticker data for AICODE_USDT: 'SpotApi' object has no attribute 'get_ticker'
2024-11-09 07:33:02,147 - INFO - Analyzing AIC_USDT...
2024-11-09 07:33:02,147 - ERROR - Error getting ticker data for AIC_USDT: 'SpotApi' object has no attribute 'get_ticker'
2024-11-09 07:33:02,248 - INFO - Analyzing AIDOGE_USDT...
2024-11-09 07:33:02,248 - ERROR - Error getting ticker data for AIDOGE_USDT: 'SpotApi' object has no attribute 'get_ticker'
2024-11-09 07:33:02,348 - INFO - Analyzing AIEPK_USDT...
2024-11-09 07:33:02,348 - ERROR - Error getting ticker data for AIEPK_USDT: 'SpotApi' object has no attribute 'get_ticker'
2024-11-09 07:33:02,449 - INFO - Analyzing AIE_USDT...
2024-11-09 07:33:02,449 - ERROR - Error getting ticker data for AIE_USDT: 'SpotApi' object has no attribute 'get_ticker'
2024-11-09 07:33:02,550 - INFO - Analyzing AIMX_USDT...
2024-11-09 07:33:02,550 - ERROR - Error getting ticker data for AIMX_USDT: 'SpotApi' object has no attribute 'get_ticker'
2024-11-09 07:33:02,650 - INFO - Analyzing AINN_USDT...
2024-11-09 07:33:02,650 - ERROR - Error getting ticker data for AINN_USDT: 'SpotApi' object has no attribute 'get_ticker'
2024-11-09 07:33:02,751 - INFO - Analyzing AIOZ_USDT...
2024-11-09 07:33:02,751 - ERROR - Error getting ticker data for AIOZ_USDT: 'SpotApi' object has no attribute 'get_ticker'
2024-11-09 07:34:03,846 - INFO - Starting market scan...
2024-11-09 07:34:05,207 - INFO - Found 2398 valid pairs
2024-11-09 07:34:05,207 - INFO - Analyzing AARK_USDT...
2024-11-09 07:34:05,636 - INFO - Analyzing AART_USDT...
2024-11-09 07:34:06,072 - INFO - Analyzing AAVE_USDT...
2024-11-09 07:34:06,497 - INFO - Analyzing AAX_USDT...
2024-11-09 07:34:06,934 - INFO - Analyzing ABBC_USDT...
2024-11-09 07:34:07,367 - INFO - Analyzing ABT_USDT...
2024-11-09 07:34:07,797 - INFO - Analyzing ABYS_USDT...
2024-11-09 07:34:08,234 - INFO - Analyzing ACA_USDT...
2024-11-09 07:34:08,662 - INFO - Analyzing ACENT_USDT...
2024-11-09 07:34:09,098 - INFO - Analyzing ACE_USDT...
2024-11-09 07:34:09,606 - INFO - Analyzing ACH_USDT...
2024-11-09 07:34:10,038 - INFO - Analyzing ACL_USDT...
2024-11-09 07:34:10,487 - INFO - Analyzing ACM_USDT...
2024-11-09 07:34:10,919 - INFO - Analyzing ACN_USDT...
2024-11-09 07:34:11,348 - INFO - Analyzing ACS_USDT...
2024-11-09 07:34:11,861 - INFO - Analyzing ACT_USDT...
2024-11-09 07:34:12,294 - INFO - Analyzing ACX_USDT...
2024-11-09 07:34:12,741 - INFO - Analyzing ADAPAD_USDT...
2024-11-09 07:34:13,172 - INFO - Analyzing ADA_USDT...
2024-11-09 07:34:13,602 - INFO - Analyzing ADEL_USDT...
2024-11-09 07:34:14,042 - INFO - Analyzing ADF_USDT...
2024-11-09 07:34:14,534 - INFO - Analyzing ADP_USDT...
2024-11-09 07:34:15,013 - INFO - Analyzing ADS_USDT...
2024-11-09 07:34:15,447 - INFO - Analyzing ADX_USDT...
2024-11-09 07:34:15,908 - INFO - Analyzing AD_USDT...
2024-11-09 07:34:16,361 - INFO - Analyzing AEG_USDT...
2024-11-09 07:34:16,793 - INFO - Analyzing AERGO_USDT...
2024-11-09 07:34:17,222 - INFO - Analyzing AERO_USDT...
2024-11-09 07:34:17,697 - INFO - Analyzing AEVO_USDT...
2024-11-09 07:34:18,146 - INFO - Analyzing AE_USDT...
2024-11-09 07:34:18,576 - INFO - Analyzing AFC_USDT...
2024-11-09 07:34:19,043 - INFO - Analyzing AGA_USDT...
2024-11-09 07:34:19,480 - INFO - Analyzing AGB_USDT...
2024-11-09 07:34:19,905 - INFO - Analyzing AGENT_USDT...
2024-11-09 07:34:20,347 - INFO - Analyzing AGG_USDT...
2024-11-09 07:34:20,828 - INFO - Analyzing AGI_USDT...
2024-11-09 07:34:21,276 - INFO - Analyzing AGLA_USDT...
2024-11-09 07:34:21,705 - INFO - Analyzing AGLD_USDT...
2024-11-09 07:34:22,134 - INFO - Analyzing AGRS_USDT...
2024-11-09 07:34:22,594 - INFO - Analyzing AGS_USDT...
2024-11-09 07:34:23,029 - INFO - Analyzing AIBB_USDT...
2024-11-09 07:34:23,462 - INFO - Analyzing AICODE_USDT...
2024-11-09 07:34:23,914 - INFO - Analyzing AIC_USDT...
2024-11-09 07:34:24,368 - INFO - Analyzing AIDOGE_USDT...
2024-11-09 07:34:24,841 - INFO - Analyzing AIEPK_USDT...
2024-11-09 07:34:25,280 - INFO - Analyzing AIE_USDT...
2024-11-09 07:34:25,712 - INFO - Analyzing AIMX_USDT...
2024-11-09 07:34:26,138 - INFO - Analyzing AINN_USDT...
2024-11-09 07:34:26,562 - INFO - Analyzing AIOZ_USDT...
2024-11-09 07:34:27,117 - INFO - Analyzing AIRDROP_USDT...
2024-11-09 07:34:27,575 - INFO - Analyzing AIRTNT_USDT...
2024-11-09 07:34:28,046 - INFO - Analyzing AIR_USDT...
2024-11-09 07:34:28,484 - INFO - Analyzing AISC_USDT...
2024-11-09 07:34:28,958 - INFO - Analyzing AISWAP_USDT...
2024-11-09 07:34:29,442 - INFO - Analyzing AIS_USDT...
2024-11-09 07:34:29,888 - INFO - Analyzing AITECH_USDT...
2024-11-09 07:34:30,322 - INFO - Analyzing AIT_USDT...
2024-11-09 07:34:30,810 - INFO - Analyzing AIX_USDT...
2024-11-09 07:34:31,856 - INFO - Analyzing AI_USDT...
2024-11-09 07:34:32,344 - INFO - Analyzing AKITA_USDT...
2024-11-09 07:34:32,783 - INFO - Analyzing AKI_USDT...
2024-11-09 07:34:33,297 - INFO - Analyzing AKRO_USDT...
2024-11-09 07:34:33,728 - INFO - Analyzing AKT_USDT...
2024-11-09 07:34:34,188 - INFO - Analyzing AKV_USDT...
2024-11-09 07:34:34,708 - INFO - Analyzing ALAYA_USDT...
2024-11-09 07:34:35,140 - INFO - Analyzing ALA_USDT...
2024-11-09 07:34:35,623 - INFO - Analyzing ALCX_USDT...
2024-11-09 07:34:36,051 - INFO - Analyzing ALD_USDT...
2024-11-09 07:34:36,477 - INFO - Analyzing ALEO_USDT...
2024-11-09 07:34:36,919 - INFO - Analyzing ALEPH_USDT...
2024-11-09 07:34:37,364 - INFO - Analyzing ALEX_USDT...
2024-11-09 07:36:02,264 - INFO - Starting market scan for buy signals...
2024-11-09 07:36:03,708 - INFO - Found 2398 valid pairs
2024-11-09 07:36:03,708 - INFO - Analyzing AARK_USDT...
2024-11-09 07:36:04,243 - INFO - Analyzing AART_USDT...
2024-11-09 07:36:04,761 - INFO - Analyzing AAVE_USDT...
2024-11-09 07:36:05,187 - INFO - Analyzing AAX_USDT...
2024-11-09 07:36:05,646 - INFO - Analyzing ABBC_USDT...
2024-11-09 07:36:06,150 - INFO - Analyzing ABT_USDT...
2024-11-09 07:36:06,683 - INFO - Analyzing ABYS_USDT...
2024-11-09 07:36:07,173 - INFO - Analyzing ACA_USDT...
2024-11-09 07:36:07,651 - INFO - Analyzing ACENT_USDT...
2024-11-09 07:36:08,080 - INFO - Analyzing ACE_USDT...
2024-11-09 07:36:08,516 - INFO - Analyzing ACH_USDT...
2024-11-09 07:36:08,940 - INFO - Analyzing ACL_USDT...
2024-11-09 07:36:09,375 - INFO - Analyzing ACM_USDT...
2024-11-09 07:36:09,825 - INFO - Analyzing ACN_USDT...
2024-11-09 07:36:10,294 - INFO - Analyzing ACS_USDT...
2024-11-09 07:36:10,724 - INFO - Analyzing ACT_USDT...
2024-11-09 07:36:11,172 - INFO - Analyzing ACX_USDT...
2024-11-09 07:36:11,598 - INFO - Analyzing ADAPAD_USDT...
2024-11-09 07:36:12,055 - INFO - Analyzing ADA_USDT...
2024-11-09 07:36:12,682 - INFO - Analyzing ADEL_USDT...
2024-11-09 07:36:13,115 - INFO - Analyzing ADF_USDT...
2024-11-09 07:36:13,550 - INFO - Analyzing ADP_USDT...
2024-11-09 07:36:13,982 - INFO - Analyzing ADS_USDT...
2024-11-09 07:36:14,452 - INFO - Analyzing ADX_USDT...
2024-11-09 07:36:14,900 - INFO - Analyzing AD_USDT...
2024-11-09 07:36:15,372 - INFO - Analyzing AEG_USDT...
2024-11-09 07:36:15,850 - INFO - Analyzing AERGO_USDT...
2024-11-09 07:36:16,278 - INFO - Analyzing AERO_USDT...
2024-11-09 07:36:16,754 - INFO - Analyzing AEVO_USDT...
2024-11-09 07:36:17,249 - INFO - Analyzing AE_USDT...
2024-11-09 07:36:17,714 - INFO - Analyzing AFC_USDT...
2024-11-09 07:36:18,144 - INFO - Analyzing AGA_USDT...
2024-11-09 07:36:18,613 - INFO - Analyzing AGB_USDT...
2024-11-09 07:36:19,073 - INFO - Analyzing AGENT_USDT...
2024-11-09 07:36:19,532 - INFO - Analyzing AGG_USDT...
2024-11-09 07:36:19,960 - INFO - Analyzing AGI_USDT...
2024-11-09 07:36:20,407 - INFO - Analyzing AGLA_USDT...
2024-11-09 07:36:20,840 - INFO - Analyzing AGLD_USDT...
2024-11-09 07:36:21,275 - INFO - Analyzing AGRS_USDT...
2024-11-09 07:36:21,733 - INFO - Analyzing AGS_USDT...
2024-11-09 07:36:22,175 - INFO - Analyzing AIBB_USDT...
2024-11-09 07:36:22,602 - INFO - Analyzing AICODE_USDT...
2024-11-09 07:36:23,039 - INFO - Analyzing AIC_USDT...
2024-11-09 07:36:23,465 - INFO - Analyzing AIDOGE_USDT...
2024-11-09 07:36:23,908 - INFO - Analyzing AIEPK_USDT...
2024-11-09 07:36:24,370 - INFO - Analyzing AIE_USDT...
2024-11-09 07:36:24,862 - INFO - Analyzing AIMX_USDT...
2024-11-09 07:36:25,318 - INFO - Analyzing AINN_USDT...
2024-11-09 07:36:25,799 - INFO - Analyzing AIOZ_USDT...
2024-11-09 07:36:26,304 - INFO - Analyzing AIRDROP_USDT...
2024-11-09 07:36:26,754 - INFO - Analyzing AIRTNT_USDT...
2024-11-09 07:36:27,244 - INFO - Analyzing AIR_USDT...
2024-11-09 07:36:27,684 - INFO - Analyzing AISC_USDT...
2024-11-09 07:36:28,128 - INFO - Analyzing AISWAP_USDT...
2024-11-09 07:36:28,602 - INFO - Analyzing AIS_USDT...
2024-11-09 07:36:29,034 - INFO - Analyzing AITECH_USDT...
2024-11-09 07:36:29,464 - INFO - Analyzing AIT_USDT...
2024-11-09 07:36:29,894 - INFO - Analyzing AIX_USDT...
2024-11-09 07:36:30,330 - INFO - Analyzing AI_USDT...
2024-11-09 07:36:30,783 - INFO - Analyzing AKITA_USDT...
2024-11-09 07:36:31,218 - INFO - Analyzing AKI_USDT...
2024-11-09 07:36:31,703 - INFO - Analyzing AKRO_USDT...
2024-11-09 07:36:32,144 - INFO - Analyzing AKT_USDT...
2024-11-09 07:36:32,578 - INFO - Analyzing AKV_USDT...
2024-11-09 07:36:33,027 - INFO - Analyzing ALAYA_USDT...
2024-11-09 07:36:33,525 - INFO - Analyzing ALA_USDT...
2024-11-09 07:36:33,962 - INFO - Analyzing ALCX_USDT...
2024-11-09 07:36:34,388 - INFO - Analyzing ALD_USDT...
2024-11-09 07:36:34,812 - INFO - Analyzing ALEO_USDT...
2024-11-09 07:36:35,253 - INFO - Analyzing ALEPH_USDT...
2024-11-09 07:36:35,681 - INFO - Analyzing ALEX_USDT...
2024-11-09 07:36:36,107 - INFO - Analyzing ALGO_USDT...
2024-11-09 07:36:36,542 - INFO - Analyzing ALICE_USDT...
2024-11-09 07:36:36,987 - INFO - Analyzing ALITA_USDT...
2024-11-09 07:36:37,417 - INFO - Analyzing ALI_USDT...
2024-11-09 07:36:37,888 - INFO - Analyzing ALN_USDT...
2024-11-09 07:36:38,316 - INFO - Analyzing ALPACA_USDT...
2024-11-09 07:36:38,750 - INFO - Analyzing ALPA_USDT...
2024-11-09 07:36:39,327 - INFO - Analyzing ALPHA_USDT...
2024-11-09 07:36:39,755 - INFO - Analyzing ALPHR_USDT...
2024-11-09 07:36:40,186 - INFO - Analyzing ALPH_USDT...
2024-11-09 07:36:40,625 - INFO - Analyzing ALPINE_USDT...
2024-11-09 07:36:41,085 - INFO - Analyzing ALTAIR_USDT...
2024-11-09 07:36:41,519 - INFO - Analyzing ALTB_USDT...
2024-11-09 07:36:42,015 - INFO - Analyzing ALT_USDT...
2024-11-09 07:36:42,447 - INFO - Analyzing ALU_USDT...
2024-11-09 07:36:42,971 - INFO - Analyzing ALY_USDT...
2024-11-09 07:36:43,448 - INFO - Analyzing AMB_USDT...
2024-11-09 07:36:43,995 - INFO - Analyzing AMC_USDT...
2024-11-09 07:36:44,425 - INFO - Analyzing AME_USDT...
2024-11-09 07:36:44,963 - INFO - Analyzing AMKT_USDT...
2024-11-09 07:36:45,395 - INFO - Analyzing AMPL_USDT...
2024-11-09 07:36:45,821 - INFO - Analyzing AMP_USDT...
2024-11-09 07:36:46,254 - INFO - Analyzing AMS_USDT...
2024-11-09 07:36:46,695 - INFO - Analyzing AMU_USDT...
2024-11-09 07:36:47,207 - INFO - Analyzing AM_USDT...
2024-11-09 07:36:47,660 - INFO - Analyzing ANAVI_USDT...
2024-11-09 07:36:48,093 - INFO - Analyzing ANC_USDT...
2024-11-09 07:36:48,527 - INFO - Analyzing ANDR_USDT...
2024-11-09 07:36:48,954 - INFO - Analyzing ANDYETH_USDT...
2024-11-09 07:36:49,384 - INFO - Analyzing ANDY_USDT...
2024-11-09 07:36:49,858 - INFO - Analyzing ANGLE_USDT...
2024-11-09 07:36:50,335 - INFO - Analyzing ANKR_USDT...
2024-11-09 07:36:50,764 - INFO - Analyzing ANML_USDT...
2024-11-09 07:36:51,202 - INFO - Analyzing ANS_USDT...
2024-11-09 07:36:51,646 - INFO - Analyzing AOG_USDT...
2024-11-09 07:36:52,078 - INFO - Analyzing APED_USDT...
2024-11-09 07:36:52,508 - INFO - Analyzing APE_USDT...
2024-11-09 07:36:52,938 - INFO - Analyzing APN_USDT...
2024-11-09 07:36:53,380 - INFO - Analyzing APP_USDT...
2024-11-09 07:36:53,868 - INFO - Analyzing APRS_USDT...
2024-11-09 07:36:54,298 - INFO - Analyzing APTR_USDT...
2024-11-09 07:36:54,734 - INFO - Analyzing APT_USDT...
2024-11-09 07:36:55,172 - INFO - Analyzing APU_USDT...
2024-11-09 07:36:55,608 - INFO - Analyzing APX_USDT...
2024-11-09 07:36:56,045 - INFO - Analyzing APYS_USDT...
2024-11-09 07:36:56,468 - INFO - Analyzing AQDC_USDT...
2024-11-09 07:36:56,906 - INFO - Analyzing AQT_USDT...
2024-11-09 07:36:57,410 - INFO - Analyzing ARBI_USDT...
2024-11-09 07:36:57,862 - INFO - Analyzing ARB_USDT...
2024-11-09 07:36:58,298 - INFO - Analyzing ARCA_USDT...
2024-11-09 07:36:58,737 - INFO - Analyzing ARCH_USDT...
2024-11-09 07:36:59,569 - INFO - Analyzing ARCX_USDT...
2024-11-09 07:37:00,050 - INFO - Analyzing ARES_USDT...
2024-11-09 07:37:00,573 - INFO - Analyzing ARGON_USDT...
2024-11-09 07:37:01,087 - INFO - Analyzing ARG_USDT...
2024-11-09 07:37:01,586 - INFO - Analyzing ARKM_USDT...
2024-11-09 07:37:02,072 - INFO - Analyzing ARKS_USDT...
2024-11-09 07:37:02,537 - INFO - Analyzing ARK_USDT...
2024-11-09 07:37:02,968 - INFO - Analyzing ARPA_USDT...
2024-11-09 07:37:03,472 - INFO - Analyzing ARROW_USDT...
2024-11-09 07:37:03,940 - INFO - Analyzing ARRR_USDT...
2024-11-09 07:37:04,409 - INFO - Analyzing ARSW_USDT...
2024-11-09 07:37:04,859 - INFO - Analyzing ARS_USDT...
2024-11-09 07:37:05,289 - INFO - Analyzing ARTEM_USDT...
2024-11-09 07:37:05,746 - INFO - Analyzing ARTFI_USDT...
2024-11-09 07:37:06,202 - INFO - Analyzing ARTY_USDT...
2024-11-09 07:38:35,891 - INFO - Starting market scan for current buy signals...
2024-11-09 07:38:37,372 - INFO - Found 2398 valid pairs
2024-11-09 07:38:37,372 - INFO - Analyzing AARK_USDT...
2024-11-09 07:38:37,827 - INFO - Analyzing AART_USDT...
2024-11-09 07:38:38,292 - INFO - Analyzing AAVE_USDT...
2024-11-09 07:38:38,761 - INFO - Analyzing AAX_USDT...
2024-11-09 07:38:39,191 - INFO - Analyzing ABBC_USDT...
2024-11-09 07:38:39,625 - INFO - Analyzing ABT_USDT...
2024-11-09 07:38:40,067 - INFO - Analyzing ABYS_USDT...
2024-11-09 07:38:40,514 - INFO - Analyzing ACA_USDT...
2024-11-09 07:38:40,957 - INFO - Analyzing ACENT_USDT...
2024-11-09 07:38:41,406 - INFO - Analyzing ACE_USDT...
2024-11-09 07:38:41,852 - INFO - Analyzing ACH_USDT...
2024-11-09 07:38:42,305 - INFO - Analyzing ACL_USDT...
2024-11-09 07:38:42,736 - INFO - Analyzing ACM_USDT...
2024-11-09 07:38:43,209 - INFO - Analyzing ACN_USDT...
2024-11-09 07:38:43,655 - INFO - Analyzing ACS_USDT...
2024-11-09 07:38:44,195 - INFO - Analyzing ACT_USDT...
2024-11-09 07:38:44,628 - INFO - Analyzing ACX_USDT...
2024-11-09 07:38:45,129 - INFO - Analyzing ADAPAD_USDT...
2024-11-09 07:38:45,556 - INFO - Analyzing ADA_USDT...
2024-11-09 07:38:46,000 - INFO - Analyzing ADEL_USDT...
2024-11-09 07:38:46,516 - INFO - Analyzing ADF_USDT...
2024-11-09 07:38:46,953 - INFO - Analyzing ADP_USDT...
2024-11-09 07:38:47,409 - INFO - Analyzing ADS_USDT...
2024-11-09 07:38:47,863 - INFO - Analyzing ADX_USDT...
2024-11-09 07:38:48,361 - INFO - Analyzing AD_USDT...
2024-11-09 07:38:48,827 - INFO - Analyzing AEG_USDT...
2024-11-09 07:38:49,290 - INFO - Analyzing AERGO_USDT...
2024-11-09 07:38:49,775 - INFO - Analyzing AERO_USDT...
2024-11-09 07:38:50,251 - INFO - Analyzing AEVO_USDT...
2024-11-09 07:38:50,679 - INFO - Analyzing AE_USDT...
2024-11-09 07:38:51,121 - INFO - Analyzing AFC_USDT...
2024-11-09 07:38:51,566 - INFO - Analyzing AGA_USDT...
2024-11-09 07:38:52,017 - INFO - Analyzing AGB_USDT...
2024-11-09 07:38:52,452 - INFO - Analyzing AGENT_USDT...
2024-11-09 07:38:52,939 - INFO - Analyzing AGG_USDT...
2024-11-09 07:38:53,398 - INFO - Analyzing AGI_USDT...
2024-11-09 07:38:53,830 - INFO - Analyzing AGLA_USDT...
2024-11-09 07:38:54,294 - INFO - Analyzing AGLD_USDT...
2024-11-09 07:38:54,752 - INFO - Analyzing AGRS_USDT...
2024-11-09 07:38:55,283 - INFO - Analyzing AGS_USDT...
2024-11-09 07:38:55,726 - INFO - Analyzing AIBB_USDT...
2024-11-09 07:38:56,162 - INFO - Analyzing AICODE_USDT...
2024-11-09 07:38:56,612 - INFO - Analyzing AIC_USDT...
2024-11-09 07:38:57,053 - INFO - Analyzing AIDOGE_USDT...
2024-11-09 07:38:57,482 - INFO - Analyzing AIEPK_USDT...
2024-11-09 07:38:57,959 - INFO - Analyzing AIE_USDT...
2024-11-09 07:38:58,404 - INFO - Analyzing AIMX_USDT...
2024-11-09 07:38:58,835 - INFO - Analyzing AINN_USDT...
2024-11-09 07:38:59,288 - INFO - Analyzing AIOZ_USDT...
2024-11-09 07:38:59,724 - INFO - Analyzing AIRDROP_USDT...
2024-11-09 07:39:00,213 - INFO - Analyzing AIRTNT_USDT...
2024-11-09 07:39:00,699 - INFO - Analyzing AIR_USDT...
2024-11-09 07:39:01,156 - INFO - Analyzing AISC_USDT...
2024-11-09 07:39:01,592 - INFO - Analyzing AISWAP_USDT...
2024-11-09 07:39:02,079 - INFO - Analyzing AIS_USDT...
2024-11-09 07:39:02,517 - INFO - Analyzing AITECH_USDT...
2024-11-09 07:39:02,943 - INFO - Analyzing AIT_USDT...
2024-11-09 07:39:03,377 - INFO - Analyzing AIX_USDT...
2024-11-09 07:39:03,881 - INFO - Analyzing AI_USDT...
2024-11-09 07:39:04,338 - INFO - Analyzing AKITA_USDT...
2024-11-09 07:39:04,772 - INFO - Analyzing AKI_USDT...
2024-11-09 07:39:05,320 - INFO - Analyzing AKRO_USDT...
2024-11-09 07:39:05,778 - INFO - Analyzing AKT_USDT...
2024-11-09 07:39:06,232 - INFO - Analyzing AKV_USDT...
2024-11-09 07:39:06,692 - INFO - Analyzing ALAYA_USDT...
2024-11-09 07:39:07,166 - INFO - Analyzing ALA_USDT...
2024-11-09 07:39:07,628 - INFO - Analyzing ALCX_USDT...
2024-11-09 07:39:08,096 - INFO - Analyzing ALD_USDT...
2024-11-09 07:39:08,554 - INFO - Analyzing ALEO_USDT...
2024-11-09 07:39:09,008 - INFO - Analyzing ALEPH_USDT...
2024-11-09 07:39:09,443 - INFO - Analyzing ALEX_USDT...
2024-11-09 07:39:09,894 - INFO - Analyzing ALGO_USDT...
2024-11-09 07:39:10,331 - INFO - Analyzing ALICE_USDT...
2024-11-09 07:39:10,818 - INFO - Analyzing ALITA_USDT...
2024-11-09 07:39:11,266 - INFO - Analyzing ALI_USDT...
2024-11-09 07:39:11,728 - INFO - Analyzing ALN_USDT...
2024-11-09 07:39:12,184 - INFO - Analyzing ALPACA_USDT...
2024-11-09 07:39:12,619 - INFO - Analyzing ALPA_USDT...
2024-11-09 07:39:13,185 - INFO - Analyzing ALPHA_USDT...
2024-11-09 07:39:13,647 - INFO - Analyzing ALPHR_USDT...
2024-11-09 07:39:14,079 - INFO - Analyzing ALPH_USDT...
2024-11-09 07:39:14,517 - INFO - Analyzing ALPINE_USDT...
2024-11-09 07:39:14,948 - INFO - Analyzing ALTAIR_USDT...
2024-11-09 07:39:15,381 - INFO - Analyzing ALTB_USDT...
2024-11-09 07:39:15,841 - INFO - Analyzing ALT_USDT...
2024-11-09 07:39:16,353 - INFO - Analyzing ALU_USDT...
2024-11-09 07:39:16,796 - INFO - Analyzing ALY_USDT...
2024-11-09 07:39:17,228 - INFO - Analyzing AMB_USDT...
2024-11-09 07:39:17,669 - INFO - Analyzing AMC_USDT...
2024-11-09 07:39:18,150 - INFO - Analyzing AME_USDT...
2024-11-09 07:39:18,595 - INFO - Analyzing AMKT_USDT...
2024-11-09 07:39:19,138 - INFO - Analyzing AMPL_USDT...
2024-11-09 07:39:19,643 - INFO - Analyzing AMP_USDT...
2024-11-09 07:39:20,093 - INFO - Analyzing AMS_USDT...
2024-11-09 07:39:20,534 - INFO - Analyzing AMU_USDT...
2024-11-09 07:39:20,966 - INFO - Analyzing AM_USDT...
2024-11-09 07:39:21,408 - INFO - Analyzing ANAVI_USDT...
2024-11-09 07:39:21,853 - INFO - Analyzing ANC_USDT...
2024-11-09 07:39:22,327 - INFO - Analyzing ANDR_USDT...
2024-11-09 07:39:22,766 - INFO - Analyzing ANDYETH_USDT...
2024-11-09 07:39:23,226 - INFO - Analyzing ANDY_USDT...
2024-11-09 07:39:23,692 - INFO - Analyzing ANGLE_USDT...
2024-11-09 07:39:24,147 - INFO - Analyzing ANKR_USDT...
2024-11-09 07:39:24,577 - INFO - Analyzing ANML_USDT...
2024-11-09 07:39:25,009 - INFO - Analyzing ANS_USDT...
2024-11-09 07:39:25,443 - INFO - Analyzing AOG_USDT...
2024-11-09 07:39:25,890 - INFO - Analyzing APED_USDT...
2024-11-09 07:39:26,335 - INFO - Analyzing APE_USDT...
2024-11-09 07:39:26,774 - INFO - Analyzing APN_USDT...
2024-11-09 07:39:27,301 - INFO - Analyzing APP_USDT...
2024-11-09 07:39:27,735 - INFO - Analyzing APRS_USDT...
2024-11-09 07:39:28,194 - INFO - Analyzing APTR_USDT...
2024-11-09 07:39:28,670 - INFO - Analyzing APT_USDT...
2024-11-09 07:39:29,164 - INFO - Analyzing APU_USDT...
2024-11-09 07:39:29,605 - INFO - Analyzing APX_USDT...
2024-11-09 07:39:30,047 - INFO - Analyzing APYS_USDT...
2024-11-09 07:39:30,582 - INFO - Analyzing AQDC_USDT...
2024-11-09 07:39:31,089 - INFO - Analyzing AQT_USDT...
2024-11-09 07:39:31,549 - INFO - Analyzing ARBI_USDT...
2024-11-09 07:39:32,015 - INFO - Analyzing ARB_USDT...
2024-11-09 07:39:32,470 - INFO - Analyzing ARCA_USDT...
2024-11-09 07:39:32,910 - INFO - Analyzing ARCH_USDT...
2024-11-09 07:39:33,439 - INFO - Analyzing ARCX_USDT...
2024-11-09 07:39:33,899 - INFO - Analyzing ARES_USDT...
2024-11-09 07:39:34,338 - INFO - Analyzing ARGON_USDT...
2024-11-09 07:39:34,828 - INFO - Analyzing ARG_USDT...
2024-11-09 07:39:35,261 - INFO - Analyzing ARKM_USDT...
2024-11-09 07:39:35,733 - INFO - Analyzing ARKS_USDT...
2024-11-09 07:39:36,224 - INFO - Analyzing ARK_USDT...
2024-11-09 07:39:36,652 - INFO - Analyzing ARPA_USDT...
2024-11-09 07:39:37,101 - INFO - Analyzing ARROW_USDT...
2024-11-09 07:39:37,554 - INFO - Analyzing ARRR_USDT...
2024-11-09 07:39:38,019 - INFO - Analyzing ARSW_USDT...
2024-11-09 07:39:38,461 - INFO - Analyzing ARS_USDT...
2024-11-09 07:39:38,906 - INFO - Analyzing ARTEM_USDT...
2024-11-09 07:39:39,336 - INFO - Analyzing ARTFI_USDT...
2024-11-09 07:39:39,817 - INFO - Analyzing ARTY_USDT...
2024-11-09 07:39:40,254 - INFO - Analyzing ARV_USDT...
2024-11-09 07:39:40,700 - INFO - Analyzing AR_USDT...
2024-11-09 07:39:41,135 - INFO - Analyzing ASD_USDT...
2024-11-09 07:39:41,585 - INFO - Analyzing ASK_USDT...
2024-11-09 07:39:42,096 - INFO - Analyzing ASMATCH_USDT...
2024-11-09 07:39:42,528 - INFO - Analyzing ASM_USDT...
2024-11-09 07:39:42,974 - INFO - Analyzing ASR_USDT...
2024-11-09 07:39:43,423 - INFO - Analyzing ASS_USDT...
2024-11-09 07:39:43,914 - INFO - Analyzing ASTO_USDT...
2024-11-09 07:39:44,420 - INFO - Analyzing ASTRA_USDT...
2024-11-09 07:39:44,889 - INFO - Analyzing ASTRO_USDT...
2024-11-09 07:39:45,325 - INFO - Analyzing ASTR_USDT...
2024-11-09 07:39:45,767 - INFO - Analyzing AST_USDT...
2024-11-09 07:39:46,252 - INFO - Analyzing ASW_USDT...
2024-11-09 07:39:46,740 - INFO - Analyzing ATA_USDT...
2024-11-09 07:39:47,208 - INFO - Analyzing ATD_USDT...
2024-11-09 07:39:47,646 - INFO - Analyzing ATEAM_USDT...
2024-11-09 07:39:48,126 - INFO - Analyzing ATEM_USDT...
2024-11-09 07:39:48,680 - INFO - Analyzing ATH_USDT...
2024-11-09 07:39:49,130 - INFO - Analyzing ATK_USDT...
2024-11-09 07:39:49,587 - INFO - Analyzing ATLASDEX_USDT...
2024-11-09 07:39:50,050 - INFO - Analyzing ATLAS_USDT...
2024-11-09 07:39:51,128 - INFO - Analyzing ATM_USDT...
2024-11-09 07:39:51,563 - INFO - Analyzing ATOLO_USDT...
2024-11-09 07:39:52,063 - INFO - Analyzing ATOMARC_USDT...
2024-11-09 07:39:52,498 - INFO - Analyzing ATOM_USDT...
2024-11-09 07:39:52,928 - INFO - Analyzing ATOZ_USDT...
2024-11-09 07:39:53,359 - INFO - Analyzing ATP_USDT...
2024-11-09 07:39:53,791 - INFO - Analyzing ATRS_USDT...
2024-11-09 07:39:54,227 - INFO - Analyzing ATR_USDT...
2024-11-09 07:39:54,717 - INFO - Analyzing ATS_USDT...
2024-11-09 07:39:55,180 - INFO - Analyzing AUCTION_USDT...
2024-11-09 07:39:55,608 - INFO - Analyzing AUDIO_USDT...
2024-11-09 07:39:56,035 - INFO - Analyzing AURA_USDT...
2024-11-09 07:39:56,476 - INFO - Analyzing AURORA_USDT...
2024-11-09 07:39:56,913 - INFO - Analyzing AUTISM_USDT...
2024-11-09 07:39:57,388 - INFO - Analyzing AUTO_USDT...
2024-11-09 07:39:57,829 - INFO - Analyzing AVAIL_USDT...
2024-11-09 07:39:58,265 - INFO - Analyzing AVALOX_USDT...
2024-11-09 07:39:58,731 - INFO - Analyzing AVAX_USDT...
2024-11-09 07:39:59,216 - INFO - Analyzing AVA_USDT...
2024-11-09 07:39:59,680 - INFO - Analyzing AVT_USDT...
2024-11-09 07:40:00,220 - INFO - Analyzing AWT_USDT...
2024-11-09 07:40:00,691 - INFO - Analyzing AXIS_USDT...
2024-11-09 07:40:01,184 - INFO - Analyzing AXL_USDT...
2024-11-09 07:40:01,691 - INFO - Analyzing AXS_USDT...
2024-11-09 07:40:02,133 - INFO - Analyzing AZERO_USDT...
2024-11-09 07:40:02,582 - INFO - Analyzing AZUR_USDT...
2024-11-09 07:40:03,025 - INFO - Analyzing AZY_USDT...
2024-11-09 07:40:03,460 - INFO - Analyzing BABI_USDT...
2024-11-09 07:40:03,932 - INFO - Analyzing BABYBNB_USDT...
2024-11-09 07:40:04,364 - INFO - Analyzing BABYBONK_USDT...
2024-11-09 07:40:04,831 - INFO - Analyzing BABYDOGE_USDT...
2024-11-09 07:40:05,271 - INFO - Analyzing BABYELON_USDT...
2024-11-09 07:40:05,728 - INFO - Analyzing BABYGROK_USDT...
2024-11-09 07:40:06,275 - INFO - Analyzing BABYNEIRO_USDT...
2024-11-09 07:40:06,726 - INFO - Analyzing BABY_USDT...
2024-11-09 07:40:07,179 - INFO - Analyzing BACGAMES_USDT...
2024-11-09 07:40:07,614 - INFO - Analyzing BACON_USDT...
2024-11-09 07:40:08,096 - INFO - Analyzing BAC_USDT...
2024-11-09 07:40:08,533 - INFO - Analyzing BADGER_USDT...
2024-11-09 07:40:08,968 - INFO - Analyzing BAD_USDT...
2024-11-09 07:40:09,422 - INFO - Analyzing BAGS_USDT...
2024-11-09 07:40:09,909 - INFO - Analyzing BAG_USDT...
2024-11-09 07:40:10,342 - INFO - Analyzing BAJU_USDT...
2024-11-09 07:40:10,789 - INFO - Analyzing BAKED_USDT...
2024-11-09 07:40:11,233 - INFO - Analyzing BAKE_USDT...
2024-11-09 07:40:11,665 - INFO - Analyzing BAL_USDT...
2024-11-09 07:40:12,112 - INFO - Analyzing BANANA_USDT...
2024-11-09 07:40:12,597 - INFO - Analyzing BAND_USDT...
2024-11-09 07:40:13,049 - INFO - Analyzing BANKBRC_USDT...
2024-11-09 07:40:13,475 - INFO - Analyzing BANK_USDT...
2024-11-09 07:40:13,907 - INFO - Analyzing BASEBEARCUTE_USDT...
2024-11-09 07:40:14,346 - INFO - Analyzing BASEPTL_USDT...
2024-11-09 07:40:14,842 - INFO - Analyzing BASEX_USDT...
2024-11-09 07:40:15,286 - INFO - Analyzing BATCH_USDT...
2024-11-09 07:40:15,721 - INFO - Analyzing BAT_USDT...
2024-11-09 07:40:16,191 - INFO - Analyzing BBC_USDT...
2024-11-09 07:40:16,631 - INFO - Analyzing BBF_USDT...
2024-11-09 07:40:17,060 - INFO - Analyzing BBL_USDT...
2024-11-09 07:40:17,551 - INFO - Analyzing BBQ_USDT...
2024-11-09 07:40:18,011 - INFO - Analyzing BBT_USDT...
2024-11-09 07:40:18,447 - INFO - Analyzing BB_USDT...
2024-11-09 07:40:18,945 - INFO - Analyzing BCCOIN_USDT...
2024-11-09 07:40:19,379 - INFO - Analyzing BCDN_USDT...
2024-11-09 07:40:19,853 - INFO - Analyzing BCD_USDT...
2024-11-09 07:40:20,337 - INFO - Analyzing BCH_USDT...
2024-11-09 07:40:20,768 - INFO - Analyzing BCMC_USDT...
2024-11-09 07:40:21,197 - INFO - Analyzing BCN_USDT...
2024-11-09 07:40:21,625 - INFO - Analyzing BCP_USDT...
2024-11-09 07:40:22,090 - INFO - Analyzing BCUG_USDT...
2024-11-09 07:40:22,546 - INFO - Analyzing BCUT_USDT...
2024-11-09 07:40:22,997 - INFO - Analyzing BCX_USDT...
2024-11-09 07:40:23,536 - INFO - Analyzing BC_USDT...
2024-11-09 07:40:24,004 - INFO - Analyzing BDIN_USDT...
2024-11-09 07:40:24,456 - INFO - Analyzing BDP_USDT...
2024-11-09 07:40:24,934 - INFO - Analyzing BDT_USDT...
2024-11-09 07:40:25,430 - INFO - Analyzing BDX_USDT...
2024-11-09 07:40:25,961 - INFO - Analyzing BEAMX_USDT...
2024-11-09 07:40:26,390 - INFO - Analyzing BEAM_USDT...
2024-11-09 07:40:26,822 - INFO - Analyzing BEAR_USDT...
2024-11-09 07:40:27,274 - INFO - Analyzing BEBE_USDT...
2024-11-09 07:40:27,719 - INFO - Analyzing BEEFI_USDT...
2024-11-09 07:40:28,159 - INFO - Analyzing BEER_USDT...
2024-11-09 07:40:28,593 - INFO - Analyzing BEES_USDT...
2024-11-09 07:40:29,037 - INFO - Analyzing BEFE_USDT...
2024-11-09 07:40:29,488 - INFO - Analyzing BEFI_USDT...
2024-11-09 07:40:30,023 - INFO - Analyzing BEL_USDT...
2024-11-09 07:40:30,455 - INFO - Analyzing BENDOG_USDT...
2024-11-09 07:40:30,889 - INFO - Analyzing BENJI_USDT...
2024-11-09 07:40:31,323 - INFO - Analyzing BENQI_USDT...
2024-11-09 07:40:31,775 - INFO - Analyzing BEPRO_USDT...
2024-11-09 07:40:32,282 - INFO - Analyzing BERRY_USDT...
2024-11-09 07:40:32,778 - INFO - Analyzing BEYOND_USDT...
2024-11-09 07:40:33,290 - INFO - Analyzing BFC_USDT...
2024-11-09 07:40:33,717 - INFO - Analyzing BFT_USDT...
2024-11-09 07:40:34,185 - INFO - Analyzing BICITY_USDT...
2024-11-09 07:40:34,706 - INFO - Analyzing BICO_USDT...
2024-11-09 07:40:35,169 - INFO - Analyzing BIFIF_USDT...
2024-11-09 07:40:35,648 - INFO - Analyzing BIFI_USDT...
2024-11-09 07:40:36,084 - INFO - Analyzing BIGTIME_USDT...
2024-11-09 07:40:36,527 - INFO - Analyzing BILLY_USDT...
2024-11-09 07:40:36,961 - INFO - Analyzing BIN_USDT...
2024-11-09 07:40:37,407 - INFO - Analyzing BIOP_USDT...
2024-11-09 07:40:37,833 - INFO - Analyzing BIRD_USDT...
2024-11-09 07:40:38,292 - INFO - Analyzing BISO_USDT...
2024-11-09 07:40:38,731 - INFO - Analyzing BITCI_USDT...
2024-11-09 07:40:39,192 - INFO - Analyzing BKC_USDT...
2024-11-09 07:40:39,658 - INFO - Analyzing BLACK_USDT...
2024-11-09 07:40:40,100 - INFO - Analyzing BLAST_USDT...
2024-11-09 07:40:40,561 - INFO - Analyzing BLAZE_USDT...
2024-11-09 07:40:40,999 - INFO - Analyzing BLD_USDT...
2024-11-09 07:40:41,468 - INFO - Analyzing BLENDR_USDT...
2024-11-09 07:40:41,920 - INFO - Analyzing BLES_USDT...
2024-11-09 07:40:42,477 - INFO - Analyzing BLIN_USDT...
2024-11-09 07:40:42,904 - INFO - Analyzing BLOCKASSET_USDT...
2024-11-09 07:40:43,344 - INFO - Analyzing BLOCK_USDT...
2024-11-09 07:40:43,809 - INFO - Analyzing BLOCX_USDT...
2024-11-09 07:40:44,266 - INFO - Analyzing BLOK_USDT...
2024-11-09 07:40:44,719 - INFO - Analyzing BLS_USDT...
2024-11-09 07:40:45,204 - INFO - Analyzing BLT_USDT...
2024-11-09 07:40:45,690 - INFO - Analyzing BLUM_USDT...
2024-11-09 07:40:46,127 - INFO - Analyzing BLUR_USDT...
2024-11-09 07:40:46,595 - INFO - Analyzing BLY_USDT...
2024-11-09 07:40:47,033 - INFO - Analyzing BLZ_USDT...
2024-11-09 07:40:47,463 - INFO - Analyzing BMEX_USDT...
2024-11-09 07:40:47,900 - INFO - Analyzing BMI_USDT...
2024-11-09 07:40:48,387 - INFO - Analyzing BMON_USDT...
2024-11-09 07:40:48,830 - INFO - Analyzing BNB_USDT...
2024-11-09 07:40:49,265 - INFO - Analyzing BNC_USDT...
2024-11-09 07:40:49,694 - INFO - Analyzing BNSX_USDT...
2024-11-09 07:40:50,127 - INFO - Analyzing BNTY_USDT...
2024-11-09 07:40:50,567 - INFO - Analyzing BNT_USDT...
2024-11-09 07:40:51,044 - INFO - Analyzing BNX_USDT...
2024-11-09 07:40:51,474 - INFO - Analyzing BN_USDT...
2024-11-09 07:40:52,004 - INFO - Analyzing BOA_USDT...
2024-11-09 07:40:52,433 - INFO - Analyzing BOBA_USDT...
2024-11-09 07:40:52,865 - INFO - Analyzing BOBO_USDT...
2024-11-09 07:40:53,313 - INFO - Analyzing BOMB_USDT...
2024-11-09 07:40:53,756 - INFO - Analyzing BOME_USDT...
2024-11-09 07:40:54,185 - INFO - Analyzing BONDLY_USDT...
2024-11-09 07:40:54,713 - INFO - Analyzing BOND_USDT...
2024-11-09 07:40:55,149 - INFO - Analyzing BONEBONE_USDT...
2024-11-09 07:40:55,582 - INFO - Analyzing BONE_USDT...
2024-11-09 07:40:56,012 - INFO - Analyzing BONK_USDT...
2024-11-09 07:40:56,479 - INFO - Analyzing BONUS_USDT...
2024-11-09 07:40:56,907 - INFO - Analyzing BOO_USDT...
2024-11-09 07:40:57,349 - INFO - Analyzing BORA_USDT...
2024-11-09 07:40:57,839 - INFO - Analyzing BORING_USDT...
2024-11-09 07:40:58,270 - INFO - Analyzing BOSON_USDT...
2024-11-09 07:40:58,751 - INFO - Analyzing BOX_USDT...
2024-11-09 07:40:59,185 - INFO - Analyzing BP_USDT...
2024-11-09 07:40:59,623 - INFO - Analyzing BRAWL_USDT...
2024-11-09 07:41:00,072 - INFO - Analyzing BRCST_USDT...
2024-11-09 07:41:00,524 - INFO - Analyzing BRCT_USDT...
2024-11-09 07:41:00,987 - INFO - Analyzing BREED_USDT...
2024-11-09 07:41:01,453 - INFO - Analyzing BRETT_USDT...
2024-11-09 07:41:01,922 - INFO - Analyzing BRICK_USDT...
2024-11-09 07:41:02,367 - INFO - Analyzing BRISE_USDT...
2024-11-09 07:41:02,874 - INFO - Analyzing BRI_USDT...
2024-11-09 07:41:03,334 - INFO - Analyzing BRKL_USDT...
2024-11-09 07:41:03,766 - INFO - Analyzing BRN_USDT...
2024-11-09 07:41:04,197 - INFO - Analyzing BRT_USDT...
2024-11-09 07:41:04,639 - INFO - Analyzing BRWL_USDT...
2024-11-09 07:41:05,131 - INFO - Analyzing BRY_USDT...
2024-11-09 07:41:05,602 - INFO - Analyzing BSCPAD_USDT...
2024-11-09 07:41:06,066 - INFO - Analyzing BSCS_USDT...
2024-11-09 07:41:06,559 - INFO - Analyzing BST_USDT...
2024-11-09 07:41:07,018 - INFO - Analyzing BSVBRC_USDT...
2024-11-09 07:41:07,467 - INFO - Analyzing BSV_USDT...
2024-11-09 07:41:07,898 - INFO - Analyzing BSW_USDT...
2024-11-09 07:41:08,339 - INFO - Analyzing BS_USDT...
2024-11-09 07:41:08,778 - INFO - Analyzing BTCST_USDT...
2024-11-09 07:41:09,292 - INFO - Analyzing BTCS_USDT...
2024-11-09 07:41:09,741 - INFO - Analyzing BTC_USDT...
2024-11-09 07:41:10,169 - INFO - Analyzing BTF_USDT...
2024-11-09 07:41:10,612 - INFO - Analyzing BTG_USDT...
2024-11-09 07:41:11,043 - INFO - Analyzing BTL_USDT...
2024-11-09 07:41:11,517 - INFO - Analyzing BTM_USDT...
2024-11-09 07:41:12,027 - INFO - Analyzing BTO_USDT...
2024-11-09 07:41:12,476 - INFO - Analyzing BTRST_USDT...
2024-11-09 07:41:12,929 - INFO - Analyzing BTS_USDT...
2024-11-09 07:41:13,377 - INFO - Analyzing BTT_USDT...
2024-11-09 07:41:13,810 - INFO - Analyzing BUBBLE_USDT...
2024-11-09 07:41:14,252 - INFO - Analyzing BURP_USDT...
2024-11-09 07:41:14,689 - INFO - Analyzing BUSY_USDT...
2024-11-09 07:41:15,126 - INFO - Analyzing BUY_USDT...
2024-11-09 07:41:15,598 - INFO - Analyzing BUZ_USDT...
2024-11-09 07:41:16,045 - INFO - Analyzing BVM_USDT...
2024-11-09 07:41:16,478 - INFO - Analyzing BVT_USDT...
2024-11-09 07:41:16,908 - INFO - Analyzing BWLD_USDT...
2024-11-09 07:41:17,411 - INFO - Analyzing BXC_USDT...
2024-11-09 07:41:17,880 - INFO - Analyzing BXH_USDT...
2024-11-09 07:41:18,337 - INFO - Analyzing BXN_USDT...
2024-11-09 07:41:18,780 - INFO - Analyzing BYIN_USDT...
2024-11-09 07:41:19,299 - INFO - Analyzing BYN_USDT...
2024-11-09 07:41:19,765 - INFO - Analyzing BZZ_USDT...
2024-11-09 07:41:20,232 - INFO - Analyzing CAD_USDT...
2024-11-09 07:41:20,759 - INFO - Analyzing CAF_USDT...
2024-11-09 07:41:21,202 - INFO - Analyzing CAGA_USDT...
2024-11-09 07:41:21,644 - INFO - Analyzing CAKE_USDT...
2024-11-09 07:41:22,098 - INFO - Analyzing CAL_USDT...
2024-11-09 07:41:22,533 - INFO - Analyzing CANTO_USDT...
2024-11-09 07:41:22,971 - INFO - Analyzing CAPS_USDT...
2024-11-09 07:41:23,405 - INFO - Analyzing CARAT_USDT...
2024-11-09 07:41:23,847 - INFO - Analyzing CARBON_USDT...
2024-11-09 07:41:24,311 - INFO - Analyzing CARE_USDT...
2024-11-09 07:41:24,775 - INFO - Analyzing CART_USDT...
2024-11-09 07:41:25,262 - INFO - Analyzing CARV_USDT...
2024-11-09 07:41:25,726 - INFO - Analyzing CATCH_USDT...
2024-11-09 07:41:26,187 - INFO - Analyzing CATCOIN_USDT...
2024-11-09 07:41:26,632 - INFO - Analyzing CATDOG_USDT...
2024-11-09 07:41:27,103 - INFO - Analyzing CATEETH_USDT...
2024-11-09 07:41:27,610 - INFO - Analyzing CATE_USDT...
2024-11-09 07:41:28,071 - INFO - Analyzing CATGPT_USDT...
2024-11-09 07:41:28,506 - INFO - Analyzing CATHEON_USDT...
2024-11-09 07:41:28,969 - INFO - Analyzing CATI_USDT...
2024-11-09 07:41:29,408 - INFO - Analyzing CATS_USDT...
2024-11-09 07:41:29,873 - INFO - Analyzing CAT_USDT...
2024-11-09 07:41:30,304 - INFO - Analyzing CAW_USDT...
2024-11-09 07:41:30,732 - INFO - Analyzing CBAB_USDT...
2024-11-09 07:41:31,164 - INFO - Analyzing CBK_USDT...
2024-11-09 07:41:31,595 - INFO - Analyzing CBL_USDT...
2024-11-09 07:41:32,049 - INFO - Analyzing CCAR_USDT...
2024-11-09 07:41:32,595 - INFO - Analyzing CCD_USDT...
2024-11-09 07:41:33,128 - INFO - Analyzing CEC_USDT...
2024-11-09 07:41:33,588 - INFO - Analyzing CEEK_USDT...
2024-11-09 07:41:34,054 - INFO - Analyzing CELA_USDT...
2024-11-09 07:41:34,482 - INFO - Analyzing CELL_USDT...
2024-11-09 07:41:34,964 - INFO - Analyzing CELO_USDT...
2024-11-09 07:41:35,419 - INFO - Analyzing CELR_USDT...
2024-11-09 07:41:35,869 - INFO - Analyzing CELT_USDT...
2024-11-09 07:41:36,358 - INFO - Analyzing CEL_USDT...
2024-11-09 07:41:36,873 - INFO - Analyzing CENS_USDT...
2024-11-09 07:41:37,313 - INFO - Analyzing CERE_USDT...
2024-11-09 07:41:37,778 - INFO - Analyzing CETUS_USDT...
2024-11-09 07:41:38,216 - INFO - Analyzing CEUR_USDT...
2024-11-09 07:41:38,656 - INFO - Analyzing CFG_USDT...
2024-11-09 07:41:39,168 - INFO - Analyzing CFI_USDT...
2024-11-09 07:41:39,606 - INFO - Analyzing CFX_USDT...
2024-11-09 07:41:40,055 - INFO - Analyzing CGG_USDT...
2024-11-09 07:41:40,541 - INFO - Analyzing CGPT_USDT...
2024-11-09 07:41:40,980 - INFO - Analyzing CGPU_USDT...
2024-11-09 07:41:41,486 - INFO - Analyzing CGV_USDT...
2024-11-09 07:41:41,939 - INFO - Analyzing CHAIN_USDT...
2024-11-09 07:41:42,394 - INFO - Analyzing CHAMP_USDT...
2024-11-09 07:41:42,828 - INFO - Analyzing CHAPZ_USDT...
2024-11-09 07:41:43,263 - INFO - Analyzing CHATAI_USDT...
2024-11-09 07:41:43,695 - INFO - Analyzing CHAT_USDT...
2024-11-09 07:41:44,127 - INFO - Analyzing CHAX_USDT...
2024-11-09 07:41:44,558 - INFO - Analyzing CHEEL_USDT...
2024-11-09 07:41:45,002 - INFO - Analyzing CHEEMS_USDT...
2024-11-09 07:41:45,464 - INFO - Analyzing CHEQ_USDT...
2024-11-09 07:41:45,949 - INFO - Analyzing CHER_USDT...
2024-11-09 07:41:46,423 - INFO - Analyzing CHESS_USDT...
2024-11-09 07:41:46,854 - INFO - Analyzing CHEX_USDT...
2024-11-09 07:41:47,284 - INFO - Analyzing CHKN_USDT...
2024-11-09 07:41:47,779 - INFO - Analyzing CHO_USDT...
2024-11-09 07:41:48,229 - INFO - Analyzing CHR_USDT...
2024-11-09 07:41:48,665 - INFO - Analyzing CHZ_USDT...
2024-11-09 07:41:49,108 - INFO - Analyzing CIRUS_USDT...
2024-11-09 07:41:49,569 - INFO - Analyzing CIR_USDT...
2024-11-09 07:41:50,027 - INFO - Analyzing CITY_USDT...
2024-11-09 07:41:50,502 - INFO - Analyzing CKB_USDT...
2024-11-09 07:41:50,947 - INFO - Analyzing CLH_USDT...
2024-11-09 07:41:51,388 - INFO - Analyzing CLIPS_USDT...
2024-11-09 07:41:51,924 - INFO - Analyzing CLND_USDT...
2024-11-09 07:41:52,368 - INFO - Analyzing CLORE_USDT...
2024-11-09 07:41:52,857 - INFO - Analyzing CLOT_USDT...
2024-11-09 07:41:53,325 - INFO - Analyzing CLOUD_USDT...
2024-11-09 07:41:53,803 - INFO - Analyzing CLV_USDT...
2024-11-09 07:41:54,273 - INFO - Analyzing CNAME_USDT...
2024-11-09 07:41:54,784 - INFO - Analyzing CNNS_USDT...
2024-11-09 07:41:55,275 - INFO - Analyzing COAI_USDT...
2024-11-09 07:41:55,744 - INFO - Analyzing COBE_USDT...
2024-11-09 07:41:56,182 - INFO - Analyzing COFIX_USDT...
2024-11-09 07:41:56,615 - INFO - Analyzing COFI_USDT...
2024-11-09 07:41:57,045 - INFO - Analyzing COMBO_USDT...
2024-11-09 07:41:57,476 - INFO - Analyzing COMP_USDT...
2024-11-09 07:41:57,929 - INFO - Analyzing COM_USDT...
2024-11-09 07:41:58,366 - INFO - Analyzing CONV_USDT...
2024-11-09 07:41:58,819 - INFO - Analyzing COOKIE_USDT...
2024-11-09 07:41:59,267 - INFO - Analyzing COOKPROTOCOL_USDT...
2024-11-09 07:41:59,781 - INFO - Analyzing COOK_USDT...
2024-11-09 07:42:00,253 - INFO - Analyzing COPI_USDT...
2024-11-09 07:42:00,698 - INFO - Analyzing COPYCAT_USDT...
2024-11-09 07:42:01,159 - INFO - Analyzing COQ_USDT...
2024-11-09 07:42:01,598 - INFO - Analyzing CORAL_USDT...
2024-11-09 07:42:02,042 - INFO - Analyzing COREUM_USDT...
2024-11-09 07:42:02,494 - INFO - Analyzing CORE_USDT...
2024-11-09 07:42:02,933 - INFO - Analyzing CORGIAI_USDT...
2024-11-09 07:42:03,438 - INFO - Analyzing CORN_USDT...
2024-11-09 07:42:03,941 - INFO - Analyzing COS_USDT...
2024-11-09 07:42:04,410 - INFO - Analyzing COTI_USDT...
2024-11-09 07:42:04,880 - INFO - Analyzing COVAL_USDT...
2024-11-09 07:42:05,342 - INFO - Analyzing COW_USDT...
2024-11-09 07:42:05,776 - INFO - Analyzing CPOOL_USDT...
2024-11-09 07:42:06,246 - INFO - Analyzing CRAFT_USDT...
2024-11-09 07:42:06,709 - INFO - Analyzing CREAM_USDT...
2024-11-09 07:42:07,176 - INFO - Analyzing CREDIT_USDT...
2024-11-09 07:42:07,639 - INFO - Analyzing CREDI_USDT...
2024-11-09 07:42:08,072 - INFO - Analyzing CREO_USDT...
2024-11-09 07:42:08,548 - INFO - Analyzing CRE_USDT...
2024-11-09 07:42:08,991 - INFO - Analyzing CRF_USDT...
2024-11-09 07:42:09,427 - INFO - Analyzing CRH_USDT...
2024-11-09 07:42:09,858 - INFO - Analyzing CROS_USDT...
2024-11-09 07:42:10,340 - INFO - Analyzing CROWN_USDT...
2024-11-09 07:42:10,768 - INFO - Analyzing CRO_USDT...
2024-11-09 07:42:11,250 - INFO - Analyzing CRP_USDT...
2024-11-09 07:42:11,729 - INFO - Analyzing CRS_USDT...
2024-11-09 07:42:12,239 - INFO - Analyzing CRTS_USDT...
2024-11-09 07:42:12,668 - INFO - Analyzing CRT_USDT...
2024-11-09 07:42:13,131 - INFO - Analyzing CRU_USDT...
2024-11-09 07:42:13,567 - INFO - Analyzing CRVUSD_USDT...
2024-11-09 07:42:14,008 - INFO - Analyzing CRV_USDT...
2024-11-09 07:42:14,613 - INFO - Analyzing CSAS_USDT...
2024-11-09 07:42:15,040 - INFO - Analyzing CSIX_USDT...
2024-11-09 07:42:15,495 - INFO - Analyzing CSPR_USDT...
2024-11-09 07:42:15,935 - INFO - Analyzing CSTR_USDT...
2024-11-09 07:42:16,390 - INFO - Analyzing CST_USDT...
2024-11-09 07:42:16,820 - INFO - Analyzing CS_USDT...
2024-11-09 07:42:17,261 - INFO - Analyzing CTA_USDT...
2024-11-09 07:42:17,710 - INFO - Analyzing CTC_USDT...
2024-11-09 07:42:18,138 - INFO - Analyzing CTG_USDT...
